2021-11-10 18:56:52.707 12401-28291/com.logtool.dev I/FirebasePerformance: Did not receive a HTTP Response Code
2021-11-10 18:56:52.708 12401-28342/com.logtool.dev W/FirebaseRemoteConfig: No value of type 'FirebaseRemoteConfigValue' exists for parameter key 'fpr_session_max_duration_min'.
2021-11-10 18:56:52.708 12401-28291/com.logtool.dev W/FirebasePerformance: Unable to process the PerfMetric due to missing or invalid values. See earlier log statements for additional information on the specific missing/invalid values.
2021-11-10 18:56:52.727 12401-12401/com.logtool.dev I/LiveChannelProgramAdapter: onBindViewHolder:0 payloads:[]
2021-11-10 18:56:52.727 12401-12401/com.logtool.dev I/LiveChannelProgramAdapter: onBindViewHolder:0
2021-11-10 18:56:52.728 12401-12401/com.logtool.dev I/LiveChannelProgramAdapter: onBindViewHolder:1 payloads:[]
2021-11-10 18:56:52.728 12401-12401/com.logtool.dev I/LiveChannelProgramAdapter: onBindViewHolder:1
2021-11-10 18:56:52.730 12401-12401/com.logtool.dev I/LiveChannelAdapter: onBindViewHolder:17
2021-11-10 18:56:52.748 12401-12401/com.logtool.dev I/LiveChannelAdapter: onBindViewHolder:18
2021-11-10 18:56:52.760 12401-12401/com.logtool.dev I/LiveChannelProgramAdapter: onBindViewHolder:0 payloads:[]
2021-11-10 18:56:52.760 12401-12401/com.logtool.dev I/LiveChannelProgramAdapter: onBindViewHolder:0
2021-11-10 18:56:52.761 12401-12401/com.logtool.dev I/LiveChannelProgramAdapter: onBindViewHolder:1 payloads:[]
2021-11-10 18:56:52.761 12401-12401/com.logtool.dev I/LiveChannelProgramAdapter: onBindViewHolder:1
2021-11-10 18:56:52.762 12401-12401/com.logtool.dev I/LiveChannelAdapter: onBindViewHolder:19
2021-11-10 18:56:52.786 12401-12401/com.logtool.dev I/LiveChannelAdapter: onBindViewHolder:20
2021-11-10 18:56:52.802 12401-12401/com.logtool.dev I/LiveChannelProgramAdapter: onBindViewHolder:0 payloads:[]
2021-11-10 18:56:52.802 12401-12401/com.logtool.dev I/LiveChannelProgramAdapter: onBindViewHolder:0
2021-11-10 18:56:52.802 12401-12401/com.logtool.dev I/LiveChannelProgramAdapter: onBindViewHolder:1 payloads:[]
2021-11-10 18:56:52.803 12401-12401/com.logtool.dev I/LiveChannelProgramAdapter: onBindViewHolder:1
2021-11-10 18:56:52.805 12401-12401/com.logtool.dev I/LiveChannelAdapter: onBindViewHolder:21
2021-11-10 18:56:52.828 12401-12401/com.logtool.dev I/LiveChannelAdapter: onBindViewHolder:22
2021-11-10 18:56:52.838 12401-12401/com.logtool.dev I/ViewRootImpl@98637c9[MainActivity]: ViewPostIme pointer 0
2021-11-10 18:56:52.911 12401-12401/com.logtool.dev I/LiveChannelAdapter: onBindViewHolder:14
2021-11-10 18:56:52.919 12401-28294/com.logtool.dev W/FirebaseRemoteConfig: No value of type 'FirebaseRemoteConfigValue' exists for parameter key 'fpr_session_max_duration_min'.
2021-11-10 18:56:52.928 12401-12401/com.logtool.dev I/LiveChannelAdapter: onBindViewHolder:13
2021-11-10 18:56:52.931 12401-12401/com.logtool.dev I/ViewRootImpl@98637c9[MainActivity]: ViewPostIme pointer 1
2021-11-10 18:56:52.931 12401-28333/com.logtool.dev W/FirebaseRemoteConfig: No value of type 'FirebaseRemoteConfigValue' exists for parameter key 'fpr_session_max_duration_min'.
2021-11-10 18:56:52.933 12401-28291/com.logtool.dev I/FirebasePerformance: Did not receive a HTTP Response Code
2021-11-10 18:56:52.933 12401-28291/com.logtool.dev W/FirebasePerformance: Unable to process the PerfMetric due to missing or invalid values. See earlier log statements for additional information on the specific missing/invalid values.
2021-11-10 18:56:52.940 12401-28342/com.logtool.dev W/FirebaseRemoteConfig: No value of type 'FirebaseRemoteConfigValue' exists for parameter key 'fpr_session_max_duration_min'.
2021-11-10 18:56:52.954 12401-12401/com.logtool.dev I/LiveChannelAdapter: onBindViewHolder:12
2021-11-10 18:56:52.957 12401-28343/com.logtool.dev W/FirebaseRemoteConfig: No value of type 'FirebaseRemoteConfigValue' exists for parameter key 'fpr_session_max_duration_min'.
2021-11-10 18:56:52.957 12401-28291/com.logtool.dev I/FirebasePerformance: Did not receive a HTTP Response Code
2021-11-10 18:56:52.958 12401-28291/com.logtool.dev W/FirebasePerformance: Unable to process the PerfMetric due to missing or invalid values. See earlier log statements for additional information on the specific missing/invalid values.
2021-11-10 18:56:52.972 12401-12401/com.logtool.dev I/LiveChannelAdapter: onBindViewHolder:11
2021-11-10 18:56:52.985 12401-12401/com.logtool.dev I/LiveChannelProgramAdapter: onBindViewHolder:0 payloads:[]
2021-11-10 18:56:52.985 12401-12401/com.logtool.dev I/LiveChannelProgramAdapter: onBindViewHolder:0
2021-11-10 18:56:52.986 12401-12401/com.logtool.dev I/LiveChannelProgramAdapter: onBindViewHolder:1 payloads:[]
2021-11-10 18:56:52.986 12401-12401/com.logtool.dev I/LiveChannelProgramAdapter: onBindViewHolder:1
2021-11-10 18:56:52.989 12401-12401/com.logtool.dev I/LiveChannelAdapter: onBindViewHolder:10
2021-11-10 18:56:52.995 12401-12401/com.logtool.dev I/LiveChannelAdapter: onBindViewHolder:9
2021-11-10 18:56:53.012 12401-12401/com.logtool.dev I/LiveChannelAdapter: onBindViewHolder:8
2021-11-10 18:56:53.018 12401-12401/com.logtool.dev I/LiveChannelProgramAdapter: onBindViewHolder:0 payloads:[UPDATE_LIVE_CHANNEL_PROGRESS]
2021-11-10 18:56:53.029 12401-12401/com.logtool.dev I/LiveChannelAdapter: onBindViewHolder:7
2021-11-10 18:56:53.045 12401-12401/com.logtool.dev I/LiveChannelAdapter: onBindViewHolder:6
2021-11-10 18:56:53.052 12401-12401/com.logtool.dev I/LiveChannelProgramAdapter: onBindViewHolder:0 payloads:[]
2021-11-10 18:56:53.052 12401-12401/com.logtool.dev I/LiveChannelProgramAdapter: onBindViewHolder:0
2021-11-10 18:56:53.053 12401-12401/com.logtool.dev I/LiveChannelProgramAdapter: onBindViewHolder:1 payloads:[]
2021-11-10 18:56:53.053 12401-12401/com.logtool.dev I/LiveChannelProgramAdapter: onBindViewHolder:1
2021-11-10 18:56:53.055 12401-12401/com.logtool.dev I/LiveChannelAdapter: onBindViewHolder:5
2021-11-10 18:56:53.069 12401-12401/com.logtool.dev I/LiveChannelProgramAdapter: onBindViewHolder:0 payloads:[]
2021-11-10 18:56:53.069 12401-12401/com.logtool.dev I/LiveChannelProgramAdapter: onBindViewHolder:0
2021-11-10 18:56:53.070 12401-12401/com.logtool.dev I/LiveChannelProgramAdapter: onBindViewHolder:1 payloads:[]
2021-11-10 18:56:53.070 12401-12401/com.logtool.dev I/LiveChannelProgramAdapter: onBindViewHolder:1
2021-11-10 18:56:53.074 12401-12401/com.logtool.dev I/LiveChannelAdapter: onBindViewHolder:4
2021-11-10 18:56:53.085 12401-12401/com.logtool.dev I/LiveChannelProgramAdapter: onBindViewHolder:7 payloads:[]
2021-11-10 18:56:53.086 12401-12401/com.logtool.dev I/LiveChannelProgramAdapter: onBindViewHolder:7
2021-11-10 18:56:53.089 12401-12401/com.logtool.dev I/LiveChannelAdapter: onBindViewHolder:3
2021-11-10 18:56:53.103 12401-12401/com.logtool.dev I/LiveChannelAdapter: onBindViewHolder:2
2021-11-10 18:56:53.120 12401-12401/com.logtool.dev I/LiveChannelAdapter: onBindViewHolder:1
2021-11-10 18:56:53.137 12401-12401/com.logtool.dev I/LiveChannelAdapter: onBindViewHolder:0
2021-11-10 18:56:53.214 12401-12401/com.logtool.dev I/ViewRootImpl@98637c9[MainActivity]: ViewPostIme pointer 0
2021-11-10 18:56:53.242 12401-28343/com.logtool.dev W/FirebaseRemoteConfig: No value of type 'FirebaseRemoteConfigValue' exists for parameter key 'fpr_session_max_duration_min'.
2021-11-10 18:56:53.254 12401-12401/com.logtool.dev W/Glide: Load failed for http://images.adrise.tv/llDnUl7k2SwDRngsraPT5P3SE2I=/180x180/smart/img.adrise.tv/fubo_300x300.png with size [115x114]
    class com.bumptech.glide.load.engine.GlideException: Failed to load resource
    There was 1 root cause:
    com.bumptech.glide.load.HttpException(Not Found, status code: 404)
     call GlideException#logRootCauses(String) for more detail
      Cause (1 of 1): class com.bumptech.glide.load.engine.GlideException: Fetching data failed, class java.io.InputStream, REMOTE
    There was 1 root cause:
    com.bumptech.glide.load.HttpException(Not Found, status code: 404)
     call GlideException#logRootCauses(String) for more detail
        Cause (1 of 1): class com.bumptech.glide.load.HttpException: Not Found, status code: 404
2021-11-10 18:56:53.254 12401-12401/com.logtool.dev I/Glide: Root cause (1 of 1)
    com.bumptech.glide.load.HttpException: Not Found, status code: 404
        at com.bumptech.glide.integration.okhttp3.OkHttpStreamFetcher.onResponse(OkHttpStreamFetcher.java:71)
        at com.google.firebase.perf.network.zzh.onResponse(com.google.firebase:firebase-perf@@19.0.7:22)
        at okhttp3.internal.connection.RealCall$AsyncCall.run(RealCall.kt:504)
        at java.util.concurrent.ThreadPoolExecutor.runWorker(ThreadPoolExecutor.java:1167)
        at java.util.concurrent.ThreadPoolExecutor$Worker.run(ThreadPoolExecutor.java:641)
        at java.lang.Thread.run(Thread.java:923)
2021-11-10 18:56:53.290 12401-12401/com.logtool.dev I/ViewRootImpl@98637c9[MainActivity]: ViewPostIme pointer 1
2021-11-10 18:56:53.523 12401-12401/com.logtool.dev I/ViewRootImpl@98637c9[MainActivity]: ViewPostIme pointer 0
2021-11-10 18:56:53.648 12401-12401/com.logtool.dev I/ViewRootImpl@98637c9[MainActivity]: ViewPostIme pointer 1
2021-11-10 18:56:53.655 12401-12401/com.logtool.dev I/LiveChannelAdapter: onBindViewHolder:8
2021-11-10 18:56:53.658 12401-28289/com.logtool.dev W/FirebaseRemoteConfig: No value of type 'FirebaseRemoteConfigValue' exists for parameter key 'fpr_session_max_duration_min'.
2021-11-10 18:56:53.680 12401-12401/com.logtool.dev I/LiveChannelAdapter: onBindViewHolder:9
2021-11-10 18:56:53.707 12401-12401/com.logtool.dev I/LiveChannelAdapter: onBindViewHolder:10
2021-11-10 18:56:53.722 12401-12401/com.logtool.dev I/LiveChannelAdapter: onBindViewHolder:11
2021-11-10 18:56:53.737 12401-12401/com.logtool.dev I/LiveChannelProgramAdapter: onBindViewHolder:0 payloads:[]
2021-11-10 18:56:53.737 12401-12401/com.logtool.dev I/LiveChannelProgramAdapter: onBindViewHolder:0
2021-11-10 18:56:53.738 12401-12401/com.logtool.dev I/LiveChannelProgramAdapter: onBindViewHolder:1 payloads:[]
2021-11-10 18:56:53.738 12401-12401/com.logtool.dev I/LiveChannelProgramAdapter: onBindViewHolder:1
2021-11-10 18:56:53.740 12401-12401/com.logtool.dev I/LiveChannelAdapter: onBindViewHolder:12
2021-11-10 18:56:53.763 12401-12401/com.logtool.dev I/LiveChannelAdapter: onBindViewHolder:13
2021-11-10 18:56:53.780 12401-12401/com.logtool.dev I/LiveChannelAdapter: onBindViewHolder:14
2021-11-10 18:56:53.797 12401-12401/com.logtool.dev I/LiveChannelAdapter: onBindViewHolder:15
2021-11-10 18:56:53.821 12401-12401/com.logtool.dev I/LiveChannelProgramAdapter: onBindViewHolder:0 payloads:[]
2021-11-10 18:56:53.821 12401-12401/com.logtool.dev I/LiveChannelProgramAdapter: onBindViewHolder:0
2021-11-10 18:56:53.822 12401-12401/com.logtool.dev I/LiveChannelProgramAdapter: onBindViewHolder:1 payloads:[]
2021-11-10 18:56:53.822 12401-12401/com.logtool.dev I/LiveChannelProgramAdapter: onBindViewHolder:1
2021-11-10 18:56:53.824 12401-12401/com.logtool.dev I/LiveChannelAdapter: onBindViewHolder:16
2021-11-10 18:56:53.846 12401-12401/com.logtool.dev I/LiveChannelProgramAdapter: onBindViewHolder:0 payloads:[]
2021-11-10 18:56:53.846 12401-12401/com.logtool.dev I/LiveChannelProgramAdapter: onBindViewHolder:0
2021-11-10 18:56:53.847 12401-12401/com.logtool.dev I/LiveChannelProgramAdapter: onBindViewHolder:1 payloads:[]
2021-11-10 18:56:53.847 12401-12401/com.logtool.dev I/LiveChannelProgramAdapter: onBindViewHolder:1
2021-11-10 18:56:53.849 12401-12401/com.logtool.dev I/LiveChannelAdapter: onBindViewHolder:17
2021-11-10 18:56:53.863 12401-12401/com.logtool.dev I/LiveChannelAdapter: onBindViewHolder:18
2021-11-10 18:56:53.887 12401-12401/com.logtool.dev I/LiveChannelProgramAdapter: onBindViewHolder:0 payloads:[]
2021-11-10 18:56:53.888 12401-12401/com.logtool.dev I/LiveChannelProgramAdapter: onBindViewHolder:0
2021-11-10 18:56:53.888 12401-12401/com.logtool.dev I/LiveChannelProgramAdapter: onBindViewHolder:1 payloads:[]
2021-11-10 18:56:53.888 12401-12401/com.logtool.dev I/LiveChannelProgramAdapter: onBindViewHolder:1
2021-11-10 18:56:53.891 12401-12401/com.logtool.dev I/LiveChannelAdapter: onBindViewHolder:19
2021-11-10 18:56:53.892 12401-12401/com.logtool.dev I/ViewRootImpl@98637c9[MainActivity]: ViewPostIme pointer 0
2021-11-10 18:56:53.983 12401-12401/com.logtool.dev I/LiveChannelAdapter: onBindViewHolder:11
2021-11-10 18:56:54.013 12401-12401/com.logtool.dev I/LiveChannelProgramAdapter: onBindViewHolder:0 payloads:[]
2021-11-10 18:56:54.013 12401-12401/com.logtool.dev I/LiveChannelProgramAdapter: onBindViewHolder:0
2021-11-10 18:56:54.014 12401-12401/com.logtool.dev I/LiveChannelProgramAdapter: onBindViewHolder:1 payloads:[]
2021-11-10 18:56:54.014 12401-12401/com.logtool.dev I/LiveChannelProgramAdapter: onBindViewHolder:1
2021-11-10 18:56:54.017 12401-12401/com.logtool.dev I/LiveChannelAdapter: onBindViewHolder:10
2021-11-10 18:56:54.021 12401-12401/com.logtool.dev I/LiveChannelProgramAdapter: onBindViewHolder:0 payloads:[UPDATE_LIVE_CHANNEL_PROGRESS]
2021-11-10 18:56:54.022 12401-12401/com.logtool.dev I/LiveChannelProgramAdapter: onBindViewHolder:2 payloads:[]
2021-11-10 18:56:54.022 12401-12401/com.logtool.dev I/LiveChannelProgramAdapter: onBindViewHolder:2
2021-11-10 18:56:54.022 12401-12401/com.logtool.dev I/LiveChannelProgramAdapter: onBindViewHolder:0 payloads:[UPDATE_LIVE_CHANNEL_PROGRESS]
2021-11-10 18:56:54.024 12401-12401/com.logtool.dev I/ViewRootImpl@98637c9[MainActivity]: ViewPostIme pointer 1
2021-11-10 18:56:54.031 12401-12401/com.logtool.dev I/LiveChannelAdapter: onBindViewHolder:9
2021-11-10 18:56:54.064 12401-12401/com.logtool.dev I/LiveChannelAdapter: onBindViewHolder:8
2021-11-10 18:56:54.067 12401-28413/com.logtool.dev W/FirebaseRemoteConfig: No value of type 'FirebaseRemoteConfigValue' exists for parameter key 'fpr_session_max_duration_min'.
2021-11-10 18:56:54.081 12401-12401/com.logtool.dev I/LiveChannelAdapter: onBindViewHolder:7
2021-11-10 18:56:54.106 12401-12401/com.logtool.dev I/LiveChannelAdapter: onBindViewHolder:6
2021-11-10 18:56:54.122 12401-12401/com.logtool.dev I/LiveChannelProgramAdapter: onBindViewHolder:0 payloads:[]
2021-11-10 18:56:54.122 12401-12401/com.logtool.dev I/LiveChannelProgramAdapter: onBindViewHolder:0
2021-11-10 18:56:54.122 12401-12401/com.logtool.dev I/LiveChannelProgramAdapter: onBindViewHolder:1 payloads:[]
2021-11-10 18:56:54.122 12401-12401/com.logtool.dev I/LiveChannelProgramAdapter: onBindViewHolder:1
2021-11-10 18:56:54.124 12401-12401/com.logtool.dev I/LiveChannelAdapter: onBindViewHolder:5
2021-11-10 18:56:54.146 12401-12401/com.logtool.dev I/LiveChannelProgramAdapter: onBindViewHolder:0 payloads:[]
2021-11-10 18:56:54.147 12401-12401/com.logtool.dev I/LiveChannelProgramAdapter: onBindViewHolder:0
2021-11-10 18:56:54.147 12401-12401/com.logtool.dev I/LiveChannelProgramAdapter: onBindViewHolder:1 payloads:[]
2021-11-10 18:56:54.147 12401-12401/com.logtool.dev I/LiveChannelProgramAdapter: onBindViewHolder:1
2021-11-10 18:56:54.152 12401-12401/com.logtool.dev I/LiveChannelAdapter: onBindViewHolder:4
2021-11-10 18:56:54.163 12401-12401/com.logtool.dev I/LiveChannelProgramAdapter: onBindViewHolder:7 payloads:[]
2021-11-10 18:56:54.163 12401-12401/com.logtool.dev I/LiveChannelProgramAdapter: onBindViewHolder:7
2021-11-10 18:56:54.167 12401-12401/com.logtool.dev I/LiveChannelAdapter: onBindViewHolder:3
2021-11-10 18:56:54.183 12401-12401/com.logtool.dev I/ViewRootImpl@98637c9[MainActivity]: ViewPostIme pointer 0
2021-11-10 18:56:54.273 12401-12401/com.logtool.dev I/LiveChannelAdapter: onBindViewHolder:11
2021-11-10 18:56:54.291 12401-12401/com.logtool.dev I/ViewRootImpl@98637c9[MainActivity]: ViewPostIme pointer 1
2021-11-10 18:56:54.297 12401-12401/com.logtool.dev I/LiveChannelProgramAdapter: onBindViewHolder:0 payloads:[]
2021-11-10 18:56:54.297 12401-12401/com.logtool.dev I/LiveChannelProgramAdapter: onBindViewHolder:0
2021-11-10 18:56:54.297 12401-12401/com.logtool.dev I/LiveChannelProgramAdapter: onBindViewHolder:1 payloads:[]
2021-11-10 18:56:54.297 12401-12401/com.logtool.dev I/LiveChannelProgramAdapter: onBindViewHolder:1
2021-11-10 18:56:54.299 12401-12401/com.logtool.dev I/LiveChannelAdapter: onBindViewHolder:12
2021-11-10 18:56:54.316 12401-28343/com.logtool.dev W/FirebaseRemoteConfig: No value of type 'FirebaseRemoteConfigValue' exists for parameter key 'fpr_session_max_duration_min'.
2021-11-10 18:56:54.323 12401-12401/com.logtool.dev W/Glide: Load failed for http://images.adrise.tv/llDnUl7k2SwDRngsraPT5P3SE2I=/180x180/smart/img.adrise.tv/fubo_300x300.png with size [115x114]
    class com.bumptech.glide.load.engine.GlideException: Failed to load resource
    There was 1 root cause:
    com.bumptech.glide.load.HttpException(Not Found, status code: 404)
     call GlideException#logRootCauses(String) for more detail
      Cause (1 of 1): class com.bumptech.glide.load.engine.GlideException: Fetching data failed, class java.io.InputStream, REMOTE
    There was 1 root cause:
    com.bumptech.glide.load.HttpException(Not Found, status code: 404)
     call GlideException#logRootCauses(String) for more detail
        Cause (1 of 1): class com.bumptech.glide.load.HttpException: Not Found, status code: 404
2021-11-10 18:56:54.323 12401-12401/com.logtool.dev I/Glide: Root cause (1 of 1)
    com.bumptech.glide.load.HttpException: Not Found, status code: 404
        at com.bumptech.glide.integration.okhttp3.OkHttpStreamFetcher.onResponse(OkHttpStreamFetcher.java:71)
        at com.google.firebase.perf.network.zzh.onResponse(com.google.firebase:firebase-perf@@19.0.7:22)
        at okhttp3.internal.connection.RealCall$AsyncCall.run(RealCall.kt:504)
        at java.util.concurrent.ThreadPoolExecutor.runWorker(ThreadPoolExecutor.java:1167)
        at java.util.concurrent.ThreadPoolExecutor$Worker.run(ThreadPoolExecutor.java:641)
        at java.lang.Thread.run(Thread.java:923)
2021-11-10 18:56:54.323 12401-12401/com.logtool.dev I/LiveChannelAdapter: onBindViewHolder:13
2021-11-10 18:56:54.340 12401-12401/com.logtool.dev I/LiveChannelAdapter: onBindViewHolder:14
2021-11-10 18:56:54.365 12401-12401/com.logtool.dev I/LiveChannelAdapter: onBindViewHolder:15
2021-11-10 18:56:54.380 12401-12401/com.logtool.dev I/LiveChannelProgramAdapter: onBindViewHolder:0 payloads:[]
2021-11-10 18:56:54.380 12401-12401/com.logtool.dev I/LiveChannelProgramAdapter: onBindViewHolder:0
2021-11-10 18:56:54.381 12401-12401/com.logtool.dev I/LiveChannelProgramAdapter: onBindViewHolder:1 payloads:[]
2021-11-10 18:56:54.382 12401-12401/com.logtool.dev I/LiveChannelProgramAdapter: onBindViewHolder:1
2021-11-10 18:56:54.383 12401-12401/com.logtool.dev I/LiveChannelAdapter: onBindViewHolder:16
2021-11-10 18:56:54.397 12401-12401/com.logtool.dev I/LiveChannelProgramAdapter: onBindViewHolder:0 payloads:[]
2021-11-10 18:56:54.397 12401-12401/com.logtool.dev I/LiveChannelProgramAdapter: onBindViewHolder:0
2021-11-10 18:56:54.398 12401-12401/com.logtool.dev I/LiveChannelProgramAdapter: onBindViewHolder:1 payloads:[]
2021-11-10 18:56:54.398 12401-12401/com.logtool.dev I/LiveChannelProgramAdapter: onBindViewHolder:1
2021-11-10 18:56:54.400 12401-12401/com.logtool.dev I/LiveChannelAdapter: onBindViewHolder:17
2021-11-10 18:56:54.425 12401-12401/com.logtool.dev I/LiveChannelAdapter: onBindViewHolder:18
2021-11-10 18:56:54.439 12401-12401/com.logtool.dev I/LiveChannelProgramAdapter: onBindViewHolder:0 payloads:[]
2021-11-10 18:56:54.439 12401-12401/com.logtool.dev I/LiveChannelProgramAdapter: onBindViewHolder:0
2021-11-10 18:56:54.440 12401-12401/com.logtool.dev I/LiveChannelProgramAdapter: onBindViewHolder:1 payloads:[]
2021-11-10 18:56:54.440 12401-12401/com.logtool.dev I/LiveChannelProgramAdapter: onBindViewHolder:1
2021-11-10 18:56:54.442 12401-12401/com.logtool.dev I/LiveChannelAdapter: onBindViewHolder:19
2021-11-10 18:56:54.459 12401-12401/com.logtool.dev I/ViewRootImpl@98637c9[MainActivity]: ViewPostIme pointer 0
2021-11-10 18:56:54.559 12401-12401/com.logtool.dev I/LiveChannelAdapter: onBindViewHolder:11
2021-11-10 18:56:54.572 12401-12401/com.logtool.dev I/LiveChannelProgramAdapter: onBindViewHolder:0 payloads:[]
2021-11-10 18:56:54.573 12401-12401/com.logtool.dev I/LiveChannelProgramAdapter: onBindViewHolder:0
2021-11-10 18:56:54.573 12401-12401/com.logtool.dev I/LiveChannelProgramAdapter: onBindViewHolder:1 payloads:[]
2021-11-10 18:56:54.573 12401-12401/com.logtool.dev I/LiveChannelProgramAdapter: onBindViewHolder:1
2021-11-10 18:56:54.576 12401-12401/com.logtool.dev I/ViewRootImpl@98637c9[MainActivity]: ViewPostIme pointer 1
2021-11-10 18:56:54.577 12401-12401/com.logtool.dev I/LiveChannelAdapter: onBindViewHolder:10
2021-11-10 18:56:54.599 12401-12401/com.logtool.dev I/LiveChannelAdapter: onBindViewHolder:9
2021-11-10 18:56:54.615 12401-12401/com.logtool.dev I/LiveChannelAdapter: onBindViewHolder:8
2021-11-10 18:56:54.632 12401-12401/com.logtool.dev I/LiveChannelAdapter: onBindViewHolder:7
2021-11-10 18:56:54.648 12401-12401/com.logtool.dev I/LiveChannelAdapter: onBindViewHolder:6
2021-11-10 18:56:54.673 12401-12401/com.logtool.dev I/LiveChannelProgramAdapter: onBindViewHolder:0 payloads:[]
2021-11-10 18:56:54.673 12401-12401/com.logtool.dev I/LiveChannelProgramAdapter: onBindViewHolder:0
2021-11-10 18:56:54.674 12401-12401/com.logtool.dev I/LiveChannelProgramAdapter: onBindViewHolder:1 payloads:[]
2021-11-10 18:56:54.674 12401-12401/com.logtool.dev I/LiveChannelProgramAdapter: onBindViewHolder:1
2021-11-10 18:56:54.676 12401-12401/com.logtool.dev I/LiveChannelAdapter: onBindViewHolder:5
2021-11-10 18:56:54.689 12401-12401/com.logtool.dev I/LiveChannelProgramAdapter: onBindViewHolder:0 payloads:[]
2021-11-10 18:56:54.690 12401-12401/com.logtool.dev I/LiveChannelProgramAdapter: onBindViewHolder:0
2021-11-10 18:56:54.690 12401-12401/com.logtool.dev I/LiveChannelProgramAdapter: onBindViewHolder:1 payloads:[]
2021-11-10 18:56:54.690 12401-12401/com.logtool.dev I/LiveChannelProgramAdapter: onBindViewHolder:1
2021-11-10 18:56:54.694 12401-12401/com.logtool.dev I/LiveChannelAdapter: onBindViewHolder:4
2021-11-10 18:56:54.706 12401-12401/com.logtool.dev I/LiveChannelProgramAdapter: onBindViewHolder:7 payloads:[]
2021-11-10 18:56:54.706 12401-12401/com.logtool.dev I/LiveChannelProgramAdapter: onBindViewHolder:7
2021-11-10 18:56:54.709 12401-12401/com.logtool.dev I/LiveChannelAdapter: onBindViewHolder:3
2021-11-10 18:56:54.724 12401-12401/com.logtool.dev I/LiveChannelAdapter: onBindViewHolder:2
2021-11-10 18:56:54.741 12401-12401/com.logtool.dev I/LiveChannelAdapter: onBindViewHolder:1
2021-11-10 18:56:54.752 12401-12401/com.logtool.dev I/ViewRootImpl@98637c9[MainActivity]: ViewPostIme pointer 0
2021-11-10 18:56:54.816 12401-12401/com.logtool.dev I/LiveChannelAdapter: onBindViewHolder:9
2021-11-10 18:56:54.835 12401-12401/com.logtool.dev I/ViewRootImpl@98637c9[MainActivity]: ViewPostIme pointer 1
2021-11-10 18:56:54.836 12401-12401/com.logtool.dev I/LiveChannelAdapter: onBindViewHolder:10
2021-11-10 18:56:54.856 12401-28343/com.logtool.dev W/FirebaseRemoteConfig: No value of type 'FirebaseRemoteConfigValue' exists for parameter key 'fpr_session_max_duration_min'.
2021-11-10 18:56:54.858 12401-12401/com.logtool.dev I/LiveChannelAdapter: onBindViewHolder:11
2021-11-10 18:56:54.868 12401-12401/com.logtool.dev W/Glide: Load failed for http://images.adrise.tv/llDnUl7k2SwDRngsraPT5P3SE2I=/180x180/smart/img.adrise.tv/fubo_300x300.png with size [115x114]
    class com.bumptech.glide.load.engine.GlideException: Failed to load resource
    There was 1 root cause:
    com.bumptech.glide.load.HttpException(Not Found, status code: 404)
     call GlideException#logRootCauses(String) for more detail
      Cause (1 of 1): class com.bumptech.glide.load.engine.GlideException: Fetching data failed, class java.io.InputStream, REMOTE
    There was 1 root cause:
    com.bumptech.glide.load.HttpException(Not Found, status code: 404)
     call GlideException#logRootCauses(String) for more detail
        Cause (1 of 1): class com.bumptech.glide.load.HttpException: Not Found, status code: 404
2021-11-10 18:56:54.868 12401-12401/com.logtool.dev I/Glide: Root cause (1 of 1)
    com.bumptech.glide.load.HttpException: Not Found, status code: 404
        at com.bumptech.glide.integration.okhttp3.OkHttpStreamFetcher.onResponse(OkHttpStreamFetcher.java:71)
        at com.google.firebase.perf.network.zzh.onResponse(com.google.firebase:firebase-perf@@19.0.7:22)
        at okhttp3.internal.connection.RealCall$AsyncCall.run(RealCall.kt:504)
        at java.util.concurrent.ThreadPoolExecutor.runWorker(ThreadPoolExecutor.java:1167)
        at java.util.concurrent.ThreadPoolExecutor$Worker.run(ThreadPoolExecutor.java:641)
        at java.lang.Thread.run(Thread.java:923)
2021-11-10 18:56:54.873 12401-12401/com.logtool.dev I/LiveChannelProgramAdapter: onBindViewHolder:0 payloads:[]
2021-11-10 18:56:54.873 12401-12401/com.logtool.dev I/LiveChannelProgramAdapter: onBindViewHolder:0
2021-11-10 18:56:54.874 12401-12401/com.logtool.dev I/LiveChannelProgramAdapter: onBindViewHolder:1 payloads:[]
2021-11-10 18:56:54.874 12401-12401/com.logtool.dev I/LiveChannelProgramAdapter: onBindViewHolder:1
2021-11-10 18:56:54.876 12401-12401/com.logtool.dev I/LiveChannelAdapter: onBindViewHolder:12
2021-11-10 18:56:54.891 12401-12401/com.logtool.dev I/LiveChannelAdapter: onBindViewHolder:13
2021-11-10 18:56:54.908 12401-12401/com.logtool.dev I/LiveChannelAdapter: onBindViewHolder:14
2021-11-10 18:56:54.919 12401-28294/com.logtool.dev W/FirebaseRemoteConfig: No value of type 'FirebaseRemoteConfigValue' exists for parameter key 'fpr_session_max_duration_min'.
2021-11-10 18:56:54.926 12401-12401/com.logtool.dev I/LiveChannelAdapter: onBindViewHolder:15
2021-11-10 18:56:54.940 12401-12401/com.logtool.dev I/LiveChannelProgramAdapter: onBindViewHolder:0 payloads:[]
2021-11-10 18:56:54.940 12401-12401/com.logtool.dev I/LiveChannelProgramAdapter: onBindViewHolder:0
2021-11-10 18:56:54.941 12401-12401/com.logtool.dev I/LiveChannelProgramAdapter: onBindViewHolder:1 payloads:[]
2021-11-10 18:56:54.941 12401-12401/com.logtool.dev I/LiveChannelProgramAdapter: onBindViewHolder:1
2021-11-10 18:56:54.943 12401-12401/com.logtool.dev I/LiveChannelAdapter: onBindViewHolder:16
2021-11-10 18:56:54.957 12401-12401/com.logtool.dev I/LiveChannelProgramAdapter: onBindViewHolder:0 payloads:[]
2021-11-10 18:56:54.957 12401-12401/com.logtool.dev I/LiveChannelProgramAdapter: onBindViewHolder:0
2021-11-10 18:56:54.958 12401-12401/com.logtool.dev I/LiveChannelProgramAdapter: onBindViewHolder:1 payloads:[]
2021-11-10 18:56:54.958 12401-12401/com.logtool.dev I/LiveChannelProgramAdapter: onBindViewHolder:1
2021-11-10 18:56:54.960 12401-12401/com.logtool.dev I/LiveChannelAdapter: onBindViewHolder:17
2021-11-10 18:56:54.977 12401-12401/com.logtool.dev I/LiveChannelAdapter: onBindViewHolder:18
2021-11-10 18:56:54.990 12401-12401/com.logtool.dev I/LiveChannelProgramAdapter: onBindViewHolder:0 payloads:[]
2021-11-10 18:56:54.990 12401-12401/com.logtool.dev I/LiveChannelProgramAdapter: onBindViewHolder:0
2021-11-10 18:56:54.991 12401-12401/com.logtool.dev I/LiveChannelProgramAdapter: onBindViewHolder:1 payloads:[]
2021-11-10 18:56:54.991 12401-12401/com.logtool.dev I/LiveChannelProgramAdapter: onBindViewHolder:1
2021-11-10 18:56:54.993 12401-12401/com.logtool.dev I/LiveChannelAdapter: onBindViewHolder:19
2021-11-10 18:56:54.994 12401-12401/com.logtool.dev I/ViewRootImpl@98637c9[MainActivity]: ViewPostIme pointer 0
2021-11-10 18:56:55.032 12401-12401/com.logtool.dev I/LiveChannelProgramAdapter: onBindViewHolder:2 payloads:[]
2021-11-10 18:56:55.032 12401-12401/com.logtool.dev I/LiveChannelProgramAdapter: onBindViewHolder:2
2021-11-10 18:56:55.033 12401-12401/com.logtool.dev I/LiveChannelProgramAdapter: onBindViewHolder:0 payloads:[UPDATE_LIVE_CHANNEL_PROGRESS]
2021-11-10 18:56:55.033 12401-12401/com.logtool.dev I/LiveChannelProgramAdapter: onBindViewHolder:2 payloads:[]
2021-11-10 18:56:55.033 12401-12401/com.logtool.dev I/LiveChannelProgramAdapter: onBindViewHolder:2
2021-11-10 18:56:55.034 12401-12401/com.logtool.dev I/LiveChannelProgramAdapter: onBindViewHolder:0 payloads:[UPDATE_LIVE_CHANNEL_PROGRESS]
2021-11-10 18:56:55.034 12401-12401/com.logtool.dev I/LiveChannelProgramAdapter: onBindViewHolder:2 payloads:[]
2021-11-10 18:56:55.034 12401-12401/com.logtool.dev I/LiveChannelProgramAdapter: onBindViewHolder:2
2021-11-10 18:56:55.035 12401-12401/com.logtool.dev I/LiveChannelProgramAdapter: onBindViewHolder:0 payloads:[UPDATE_LIVE_CHANNEL_PROGRESS]
2021-11-10 18:56:55.068 12401-12401/com.logtool.dev I/LiveChannelAdapter: onBindViewHolder:11
2021-11-10 18:56:55.082 12401-12401/com.logtool.dev I/LiveChannelProgramAdapter: onBindViewHolder:0 payloads:[]
2021-11-10 18:56:55.082 12401-12401/com.logtool.dev I/LiveChannelProgramAdapter: onBindViewHolder:0
2021-11-10 18:56:55.083 12401-12401/com.logtool.dev I/LiveChannelProgramAdapter: onBindViewHolder:1 payloads:[]
2021-11-10 18:56:55.083 12401-12401/com.logtool.dev I/LiveChannelProgramAdapter: onBindViewHolder:1
2021-11-10 18:56:55.085 12401-12401/com.logtool.dev I/LiveChannelAdapter: onBindViewHolder:10
2021-11-10 18:56:55.100 12401-12401/com.logtool.dev I/LiveChannelAdapter: onBindViewHolder:9
2021-11-10 18:56:55.118 12401-12401/com.logtool.dev I/ViewRootImpl@98637c9[MainActivity]: ViewPostIme pointer 1
2021-11-10 18:56:55.125 12401-12401/com.logtool.dev I/LiveChannelAdapter: onBindViewHolder:8
2021-11-10 18:56:55.150 12401-12401/com.logtool.dev I/LiveChannelAdapter: onBindViewHolder:7
2021-11-10 18:56:55.166 12401-12401/com.logtool.dev I/LiveChannelAdapter: onBindViewHolder:6
2021-11-10 18:56:55.182 12401-12401/com.logtool.dev I/LiveChannelProgramAdapter: onBindViewHolder:0 payloads:[]
2021-11-10 18:56:55.182 12401-12401/com.logtool.dev I/LiveChannelProgramAdapter: onBindViewHolder:0
2021-11-10 18:56:55.183 12401-12401/com.logtool.dev I/LiveChannelProgramAdapter: onBindViewHolder:1 payloads:[]
2021-11-10 18:56:55.183 12401-12401/com.logtool.dev I/LiveChannelProgramAdapter: onBindViewHolder:1
2021-11-10 18:56:55.185 12401-12401/com.logtool.dev I/LiveChannelAdapter: onBindViewHolder:5
2021-11-10 18:56:55.199 12401-12401/com.logtool.dev I/LiveChannelProgramAdapter: onBindViewHolder:0 payloads:[]
2021-11-10 18:56:55.199 12401-12401/com.logtool.dev I/LiveChannelProgramAdapter: onBindViewHolder:0
2021-11-10 18:56:55.200 12401-12401/com.logtool.dev I/LiveChannelProgramAdapter: onBindViewHolder:1 payloads:[]
2021-11-10 18:56:55.200 12401-12401/com.logtool.dev I/LiveChannelProgramAdapter: onBindViewHolder:1
2021-11-10 18:56:55.203 12401-12401/com.logtool.dev I/LiveChannelAdapter: onBindViewHolder:4
2021-11-10 18:56:55.215 12401-12401/com.logtool.dev I/LiveChannelProgramAdapter: onBindViewHolder:7 payloads:[]
2021-11-10 18:56:55.216 12401-12401/com.logtool.dev I/LiveChannelProgramAdapter: onBindViewHolder:7
2021-11-10 18:56:55.219 12401-12401/com.logtool.dev I/LiveChannelAdapter: onBindViewHolder:3
2021-11-10 18:56:55.231 12401-28422/com.logtool.dev W/FirebaseRemoteConfig: No value of type 'FirebaseRemoteConfigValue' exists for parameter key 'fpr_session_max_duration_min'.
2021-11-10 18:56:55.234 12401-12401/com.logtool.dev I/LiveChannelAdapter: onBindViewHolder:2
2021-11-10 18:56:55.250 12401-12401/com.logtool.dev I/LiveChannelAdapter: onBindViewHolder:1
2021-11-10 18:56:55.267 12401-12401/com.logtool.dev I/LiveChannelAdapter: onBindViewHolder:0
2021-11-10 18:56:55.287 12401-12401/com.logtool.dev I/ViewRootImpl@98637c9[MainActivity]: ViewPostIme pointer 0
2021-11-10 18:56:55.360 12401-12401/com.logtool.dev I/ViewRootImpl@98637c9[MainActivity]: ViewPostIme pointer 1
2021-11-10 18:56:55.386 12401-28343/com.logtool.dev W/FirebaseRemoteConfig: No value of type 'FirebaseRemoteConfigValue' exists for parameter key 'fpr_session_max_duration_min'.
2021-11-10 18:56:55.400 12401-12401/com.logtool.dev I/LiveChannelAdapter: onBindViewHolder:8
2021-11-10 18:56:55.409 12401-12401/com.logtool.dev W/Glide: Load failed for http://images.adrise.tv/llDnUl7k2SwDRngsraPT5P3SE2I=/180x180/smart/img.adrise.tv/fubo_300x300.png with size [115x114]
    class com.bumptech.glide.load.engine.GlideException: Failed to load resource
    There was 1 root cause:
    com.bumptech.glide.load.HttpException(Not Found, status code: 404)
     call GlideException#logRootCauses(String) for more detail
      Cause (1 of 1): class com.bumptech.glide.load.engine.GlideException: Fetching data failed, class java.io.InputStream, REMOTE
    There was 1 root cause:
    com.bumptech.glide.load.HttpException(Not Found, status code: 404)
     call GlideException#logRootCauses(String) for more detail
        Cause (1 of 1): class com.bumptech.glide.load.HttpException: Not Found, status code: 404
2021-11-10 18:56:55.409 12401-12401/com.logtool.dev I/Glide: Root cause (1 of 1)
    com.bumptech.glide.load.HttpException: Not Found, status code: 404
        at com.bumptech.glide.integration.okhttp3.OkHttpStreamFetcher.onResponse(OkHttpStreamFetcher.java:71)
        at com.google.firebase.perf.network.zzh.onResponse(com.google.firebase:firebase-perf@@19.0.7:22)
        at okhttp3.internal.connection.RealCall$AsyncCall.run(RealCall.kt:504)
        at java.util.concurrent.ThreadPoolExecutor.runWorker(ThreadPoolExecutor.java:1167)
        at java.util.concurrent.ThreadPoolExecutor$Worker.run(ThreadPoolExecutor.java:641)
        at java.lang.Thread.run(Thread.java:923)
2021-11-10 18:56:55.442 12401-12401/com.logtool.dev I/LiveChannelAdapter: onBindViewHolder:9
2021-11-10 18:56:55.492 12401-12401/com.logtool.dev I/LiveChannelAdapter: onBindViewHolder:10
2021-11-10 18:56:55.542 12401-12401/com.logtool.dev I/LiveChannelAdapter: onBindViewHolder:11
2021-11-10 18:56:55.595 12401-12401/com.logtool.dev I/ViewRootImpl@98637c9[MainActivity]: ViewPostIme pointer 0
2021-11-10 18:56:55.687 12401-12401/com.logtool.dev I/LiveChannelProgramAdapter: onBindViewHolder:0 payloads:[]
2021-11-10 18:56:55.687 12401-12401/com.logtool.dev I/LiveChannelProgramAdapter: onBindViewHolder:0
2021-11-10 18:56:55.687 12401-12401/com.logtool.dev I/LiveChannelProgramAdapter: onBindViewHolder:1 payloads:[]
2021-11-10 18:56:55.687 12401-12401/com.logtool.dev I/LiveChannelProgramAdapter: onBindViewHolder:1
2021-11-10 18:56:55.728 12401-12401/com.logtool.dev I/ViewRootImpl@98637c9[MainActivity]: ViewPostIme pointer 1
2021-11-10 18:56:55.729 12401-12401/com.logtool.dev I/LiveChannelAdapter: onBindViewHolder:3
2021-11-10 18:56:55.759 12401-12401/com.logtool.dev I/LiveChannelAdapter: onBindViewHolder:2
2021-11-10 18:56:55.787 12401-12401/com.logtool.dev I/LiveChannelAdapter: onBindViewHolder:1
2021-11-10 18:56:55.799 12401-28464/com.logtool.dev I/CCodec: state->set(ALLOCATING)
2021-11-10 18:56:55.799 12401-28465/com.logtool.dev I/CCodec: allocate(c2.qti.avc.decoder)
2021-11-10 18:56:55.801 12401-28465/com.logtool.dev I/CCodec: setting up 'default' as default (vendor) store
2021-11-10 18:56:55.810 12401-28465/com.logtool.dev I/CCodec: Created component [c2.qti.avc.decoder]
2021-11-10 18:56:55.810 12401-28465/com.logtool.dev I/CCodec: state->set(ALLOCATED)
2021-11-10 18:56:55.819 12401-12401/com.logtool.dev I/LiveChannelAdapter: onBindViewHolder:0
2021-11-10 18:56:55.819 12401-28465/com.logtool.dev I/CCodecConfig: query failed after returning 17 values (BAD_INDEX)
2021-11-10 18:56:55.819 12401-28465/com.logtool.dev W/ColorUtils: expected specified color aspects (0:0:255:255)
2021-11-10 18:56:55.822 12401-28464/com.logtool.dev I/MediaCodec: [c2.qti.avc.decoder] setting surface generation to 12698627
2021-11-10 18:56:55.823 12401-28465/com.logtool.dev I/CCodec: appPid(12401) width(1280) height(720)
2021-11-10 18:56:55.823 12401-28465/com.logtool.dev I/CCodec: packageName : com.logtool.dev
2021-11-10 18:56:55.825 12401-28465/com.logtool.dev W/Codec2Client: query -- param skipped: index = 1107298332.
2021-11-10 18:56:55.825 12401-28465/com.logtool.dev W/CCodec: This behavior is subject to change. It is recommended that app developers double check whether the requested max input size is in reasonable range.
2021-11-10 18:56:55.827 12401-28464/com.logtool.dev I/CCodec: state->set(STARTING)
2021-11-10 18:56:55.835 12401-28465/com.logtool.dev W/Codec2Client: query -- param skipped: index = 1342179345.
2021-11-10 18:56:55.835 12401-28465/com.logtool.dev W/Codec2Client: query -- param skipped: index = 2415921170.
2021-11-10 18:56:55.835 12401-28465/com.logtool.dev W/Codec2Client: query -- param skipped: index = 1610614798.
2021-11-10 18:56:55.836 12401-28465/com.logtool.dev E/FMQ: grantorIdx must be less than 3
2021-11-10 18:56:55.836 12401-28465/com.logtool.dev E/FMQ: grantorIdx must be less than 3
2021-11-10 18:56:55.836 12401-28465/com.logtool.dev I/CCodecBufferChannel: [c2.qti.avc.decoder#864] start: max output delay 35
2021-11-10 18:56:55.837 12401-28465/com.logtool.dev I/CCodecBufferChannel: [c2.qti.avc.decoder#864] Created output block pool with allocatorID 18 => poolID 343 - OK
2021-11-10 18:56:55.839 12401-28465/com.logtool.dev I/CCodec: state->set(RUNNING)
2021-11-10 18:56:55.840 12401-28465/com.logtool.dev I/CCodecBufferChannel: [c2.qti.avc.decoder#864] 4 initial input buffers available
2021-11-10 18:56:55.844 12401-28464/com.logtool.dev E/FMQ: grantorIdx must be less than 3
2021-11-10 18:56:55.846 12401-28464/com.logtool.dev I/MediaCodec: setCodecState state : 0
2021-11-10 18:56:55.852 12401-28471/com.logtool.dev I/CCodec: state->set(ALLOCATING)
2021-11-10 18:56:55.852 12401-28471/com.logtool.dev I/CCodec: allocate(c2.android.aac.decoder)
2021-11-10 18:56:55.854 12401-28471/com.logtool.dev I/CCodec: setting up 'default' as default (vendor) store
2021-11-10 18:56:55.861 12401-28465/com.logtool.dev I/CCodecBufferChannel: [c2.qti.avc.decoder#864] onWorkDone: updating max output delay 35
2021-11-10 18:56:55.864 12401-28471/com.logtool.dev I/CCodec: Created component [c2.android.aac.decoder]
2021-11-10 18:56:55.864 12401-28471/com.logtool.dev I/CCodec: state->set(ALLOCATED)
2021-11-10 18:56:55.868 12401-28471/com.logtool.dev I/CCodecConfig: query failed after returning 19 values (BAD_INDEX)
2021-11-10 18:56:55.869 12401-28471/com.logtool.dev I/CCodec: appPid(12401) width(0) height(0)
2021-11-10 18:56:55.870 12401-28471/com.logtool.dev W/Codec2Client: query -- param skipped: index = 1107298332.
2021-11-10 18:56:55.871 12401-28471/com.logtool.dev I/CCodec: state->set(STARTING)
2021-11-10 18:56:55.871 12401-28471/com.logtool.dev W/Codec2Client: query -- param skipped: index = 1342179345.
2021-11-10 18:56:55.871 12401-28471/com.logtool.dev W/Codec2Client: query -- param skipped: index = 2415921170.
2021-11-10 18:56:55.871 12401-28471/com.logtool.dev W/Codec2Client: query -- param skipped: index = 1610614798.
2021-11-10 18:56:55.872 12401-28471/com.logtool.dev E/FMQ: grantorIdx must be less than 3
2021-11-10 18:56:55.872 12401-28471/com.logtool.dev E/FMQ: grantorIdx must be less than 3
2021-11-10 18:56:55.873 12401-28471/com.logtool.dev I/CCodecBufferChannel: [c2.android.aac.decoder#24] Created output block pool with allocatorID 16 => poolID 460 - OK
2021-11-10 18:56:55.873 12401-28471/com.logtool.dev I/CCodec: state->set(RUNNING)
2021-11-10 18:56:55.874 12401-28471/com.logtool.dev I/CCodecBufferChannel: [c2.android.aac.decoder#24] 4 initial input buffers available
2021-11-10 18:56:55.875 12401-28471/com.logtool.dev E/FMQ: grantorIdx must be less than 3
2021-11-10 18:56:55.879 12401-13173/com.logtool.dev E/FMQ: grantorIdx must be less than 3
2021-11-10 18:56:55.879 12401-12401/com.logtool.dev I/ViewRootImpl@98637c9[MainActivity]: ViewPostIme pointer 0
2021-11-10 18:56:55.885 12401-28464/com.logtool.dev I/MediaCodec: setCodecState state : 1
2021-11-10 18:56:55.956 12401-28351/com.logtool.dev I/System.out: (HTTPLog)-Static: isSBSettingEnabled false
2021-11-10 18:56:55.956 12401-28351/com.logtool.dev I/System.out: (HTTPLog)-Static: isSBSettingEnabled false
2021-11-10 18:56:55.968 12401-12401/com.logtool.dev I/LiveChannelAdapter: onBindViewHolder:7
2021-11-10 18:56:55.978 12401-12401/com.logtool.dev I/ViewRootImpl@98637c9[MainActivity]: ViewPostIme pointer 1
2021-11-10 18:56:55.985 12401-12401/com.logtool.dev I/LiveChannelAdapter: onBindViewHolder:8
2021-11-10 18:56:56.003 12401-28351/com.logtool.dev I/System.out: (HTTPLog)-Static: isSBSettingEnabled false
2021-11-10 18:56:56.003 12401-28351/com.logtool.dev I/System.out: (HTTPLog)-Static: isSBSettingEnabled false
2021-11-10 18:56:56.011 12401-12401/com.logtool.dev I/LiveChannelAdapter: onBindViewHolder:9
2021-11-10 18:56:56.021 12401-28463/com.logtool.dev W/FirebaseRemoteConfig: No value of type 'FirebaseRemoteConfigValue' exists for parameter key 'fpr_session_max_duration_min'.
2021-11-10 18:56:56.030 12401-12401/com.logtool.dev I/LiveChannelAdapter: onBindViewHolder:10
2021-11-10 18:56:56.033 12401-12401/com.logtool.dev I/LiveChannelProgramAdapter: onBindViewHolder:0 payloads:[UPDATE_LIVE_CHANNEL_PROGRESS]
2021-11-10 18:56:56.034 12401-12401/com.logtool.dev I/LiveChannelProgramAdapter: onBindViewHolder:2 payloads:[]
2021-11-10 18:56:56.034 12401-12401/com.logtool.dev I/LiveChannelProgramAdapter: onBindViewHolder:2
2021-11-10 18:56:56.034 12401-12401/com.logtool.dev I/LiveChannelProgramAdapter: onBindViewHolder:0 payloads:[UPDATE_LIVE_CHANNEL_PROGRESS]
2021-11-10 18:56:56.044 12401-12401/com.logtool.dev I/LiveChannelAdapter: onBindViewHolder:11
2021-11-10 18:56:56.059 12401-12401/com.logtool.dev I/LiveChannelProgramAdapter: onBindViewHolder:0 payloads:[]
2021-11-10 18:56:56.059 12401-12401/com.logtool.dev I/LiveChannelProgramAdapter: onBindViewHolder:0
2021-11-10 18:56:56.059 12401-12401/com.logtool.dev I/LiveChannelProgramAdapter: onBindViewHolder:1 payloads:[]
2021-11-10 18:56:56.059 12401-12401/com.logtool.dev I/LiveChannelProgramAdapter: onBindViewHolder:1
2021-11-10 18:56:56.061 12401-12401/com.logtool.dev I/LiveChannelAdapter: onBindViewHolder:12
2021-11-10 18:56:56.077 12401-12401/com.logtool.dev I/LiveChannelAdapter: onBindViewHolder:13
2021-11-10 18:56:56.093 12401-12401/com.logtool.dev I/LiveChannelAdapter: onBindViewHolder:14
2021-11-10 18:56:56.110 12401-12401/com.logtool.dev I/LiveChannelAdapter: onBindViewHolder:15
2021-11-10 18:56:56.126 12401-12401/com.logtool.dev I/LiveChannelProgramAdapter: onBindViewHolder:0 payloads:[]
2021-11-10 18:56:56.126 12401-12401/com.logtool.dev I/LiveChannelProgramAdapter: onBindViewHolder:0
2021-11-10 18:56:56.126 12401-12401/com.logtool.dev I/LiveChannelProgramAdapter: onBindViewHolder:1 payloads:[]
2021-11-10 18:56:56.126 12401-12401/com.logtool.dev I/LiveChannelProgramAdapter: onBindViewHolder:1
2021-11-10 18:56:56.128 12401-12401/com.logtool.dev I/LiveChannelAdapter: onBindViewHolder:16
2021-11-10 18:56:56.130 12401-12401/com.logtool.dev I/ViewRootImpl@98637c9[MainActivity]: ViewPostIme pointer 0
2021-11-10 18:56:56.202 12401-12401/com.logtool.dev I/LiveChannelAdapter: onBindViewHolder:8
2021-11-10 18:56:56.219 12401-12401/com.logtool.dev I/LiveChannelAdapter: onBindViewHolder:7
2021-11-10 18:56:56.221 12401-12401/com.logtool.dev I/ViewRootImpl@98637c9[MainActivity]: ViewPostIme pointer 1
2021-11-10 18:56:56.235 12401-12401/com.logtool.dev I/LiveChannelAdapter: onBindViewHolder:6
2021-11-10 18:56:56.259 12401-12401/com.logtool.dev I/LiveChannelProgramAdapter: onBindViewHolder:0 payloads:[]
2021-11-10 18:56:56.259 12401-12401/com.logtool.dev I/LiveChannelProgramAdapter: onBindViewHolder:0
2021-11-10 18:56:56.260 12401-12401/com.logtool.dev I/LiveChannelProgramAdapter: onBindViewHolder:1 payloads:[]
2021-11-10 18:56:56.260 12401-12401/com.logtool.dev I/LiveChannelProgramAdapter: onBindViewHolder:1
2021-11-10 18:56:56.262 12401-12401/com.logtool.dev I/LiveChannelAdapter: onBindViewHolder:5
2021-11-10 18:56:56.276 12401-12401/com.logtool.dev I/LiveChannelProgramAdapter: onBindViewHolder:0 payloads:[]
2021-11-10 18:56:56.276 12401-12401/com.logtool.dev I/LiveChannelProgramAdapter: onBindViewHolder:0
2021-11-10 18:56:56.276 12401-12401/com.logtool.dev I/LiveChannelProgramAdapter: onBindViewHolder:1 payloads:[]
2021-11-10 18:56:56.277 12401-12401/com.logtool.dev I/LiveChannelProgramAdapter: onBindViewHolder:1
2021-11-10 18:56:56.280 12401-12401/com.logtool.dev I/LiveChannelAdapter: onBindViewHolder:4
2021-11-10 18:56:56.284 12401-12401/com.logtool.dev I/LiveChannelProgramAdapter: onBindViewHolder:7 payloads:[]
2021-11-10 18:56:56.284 12401-12401/com.logtool.dev I/LiveChannelProgramAdapter: onBindViewHolder:7
2021-11-10 18:56:56.287 12401-12401/com.logtool.dev I/LiveChannelAdapter: onBindViewHolder:3
2021-11-10 18:56:56.302 12401-12401/com.logtool.dev I/LiveChannelAdapter: onBindViewHolder:2
2021-11-10 18:56:56.319 12401-12401/com.logtool.dev I/LiveChannelAdapter: onBindViewHolder:1
2021-11-10 18:56:56.335 12401-12401/com.logtool.dev I/LiveChannelAdapter: onBindViewHolder:0
2021-11-10 18:56:56.396 12401-12401/com.logtool.dev I/ViewRootImpl@98637c9[MainActivity]: ViewPostIme pointer 0
2021-11-10 18:56:56.478 12401-28343/com.logtool.dev W/FirebaseRemoteConfig: No value of type 'FirebaseRemoteConfigValue' exists for parameter key 'fpr_session_max_duration_min'.
2021-11-10 18:56:56.480 12401-12401/com.logtool.dev I/ViewRootImpl@98637c9[MainActivity]: ViewPostIme pointer 1
2021-11-10 18:56:56.495 12401-12401/com.logtool.dev W/Glide: Load failed for http://images.adrise.tv/llDnUl7k2SwDRngsraPT5P3SE2I=/180x180/smart/img.adrise.tv/fubo_300x300.png with size [115x114]
    class com.bumptech.glide.load.engine.GlideException: Failed to load resource
    There was 1 root cause:
    com.bumptech.glide.load.HttpException(Not Found, status code: 404)
     call GlideException#logRootCauses(String) for more detail
      Cause (1 of 1): class com.bumptech.glide.load.engine.GlideException: Fetching data failed, class java.io.InputStream, REMOTE
    There was 1 root cause:
    com.bumptech.glide.load.HttpException(Not Found, status code: 404)
     call GlideException#logRootCauses(String) for more detail
        Cause (1 of 1): class com.bumptech.glide.load.HttpException: Not Found, status code: 404
2021-11-10 18:56:56.495 12401-12401/com.logtool.dev I/Glide: Root cause (1 of 1)
    com.bumptech.glide.load.HttpException: Not Found, status code: 404
        at com.bumptech.glide.integration.okhttp3.OkHttpStreamFetcher.onResponse(OkHttpStreamFetcher.java:71)
        at com.google.firebase.perf.network.zzh.onResponse(com.google.firebase:firebase-perf@@19.0.7:22)
        at okhttp3.internal.connection.RealCall$AsyncCall.run(RealCall.kt:504)
        at java.util.concurrent.ThreadPoolExecutor.runWorker(ThreadPoolExecutor.java:1167)
        at java.util.concurrent.ThreadPoolExecutor$Worker.run(ThreadPoolExecutor.java:641)
        at java.lang.Thread.run(Thread.java:923)
2021-11-10 18:56:56.495 12401-12401/com.logtool.dev I/LiveChannelAdapter: onBindViewHolder:8
2021-11-10 18:56:56.520 12401-12401/com.logtool.dev I/LiveChannelAdapter: onBindViewHolder:9
2021-11-10 18:56:56.547 12401-12401/com.logtool.dev I/LiveChannelAdapter: onBindViewHolder:10
2021-11-10 18:56:56.563 12401-12401/com.logtool.dev I/LiveChannelAdapter: onBindViewHolder:11
2021-11-10 18:56:56.576 12401-12401/com.logtool.dev I/LiveChannelProgramAdapter: onBindViewHolder:0 payloads:[]
2021-11-10 18:56:56.576 12401-12401/com.logtool.dev I/LiveChannelProgramAdapter: onBindViewHolder:0
2021-11-10 18:56:56.577 12401-12401/com.logtool.dev I/LiveChannelProgramAdapter: onBindViewHolder:1 payloads:[]
2021-11-10 18:56:56.577 12401-12401/com.logtool.dev I/LiveChannelProgramAdapter: onBindViewHolder:1
2021-11-10 18:56:56.579 12401-12401/com.logtool.dev I/LiveChannelAdapter: onBindViewHolder:12
2021-11-10 18:56:56.603 12401-12401/com.logtool.dev I/LiveChannelAdapter: onBindViewHolder:13
2021-11-10 18:56:56.619 12401-12401/com.logtool.dev I/LiveChannelAdapter: onBindViewHolder:14
2021-11-10 18:56:56.644 12401-12401/com.logtool.dev I/LiveChannelAdapter: onBindViewHolder:15
2021-11-10 18:56:56.668 12401-12401/com.logtool.dev I/LiveChannelProgramAdapter: onBindViewHolder:0 payloads:[]
2021-11-10 18:56:56.669 12401-12401/com.logtool.dev I/LiveChannelProgramAdapter: onBindViewHolder:0
2021-11-10 18:56:56.669 12401-12401/com.logtool.dev I/LiveChannelProgramAdapter: onBindViewHolder:1 payloads:[]
2021-11-10 18:56:56.669 12401-12401/com.logtool.dev I/LiveChannelProgramAdapter: onBindViewHolder:1
2021-11-10 18:56:56.671 12401-12401/com.logtool.dev I/LiveChannelAdapter: onBindViewHolder:16
2021-11-10 18:56:56.688 12401-12401/com.logtool.dev I/ViewRootImpl@98637c9[MainActivity]: ViewPostIme pointer 0
2021-11-10 18:56:56.761 12401-12401/com.logtool.dev I/LiveChannelAdapter: onBindViewHolder:8
2021-11-10 18:56:56.787 12401-12401/com.logtool.dev I/LiveChannelAdapter: onBindViewHolder:7
2021-11-10 18:56:56.789 12401-12401/com.logtool.dev I/ViewRootImpl@98637c9[MainActivity]: ViewPostIme pointer 1
2021-11-10 18:56:56.811 12401-12401/com.logtool.dev I/LiveChannelAdapter: onBindViewHolder:6
2021-11-10 18:56:56.827 12401-12401/com.logtool.dev I/LiveChannelProgramAdapter: onBindViewHolder:0 payloads:[]
2021-11-10 18:56:56.827 12401-12401/com.logtool.dev I/LiveChannelProgramAdapter: onBindViewHolder:0
2021-11-10 18:56:56.828 12401-12401/com.logtool.dev I/LiveChannelProgramAdapter: onBindViewHolder:1 payloads:[]
2021-11-10 18:56:56.828 12401-12401/com.logtool.dev I/LiveChannelProgramAdapter: onBindViewHolder:1
2021-11-10 18:56:56.830 12401-12401/com.logtool.dev I/LiveChannelAdapter: onBindViewHolder:5
2021-11-10 18:56:56.844 12401-12401/com.logtool.dev I/LiveChannelProgramAdapter: onBindViewHolder:0 payloads:[]
2021-11-10 18:56:56.844 12401-12401/com.logtool.dev I/LiveChannelProgramAdapter: onBindViewHolder:0
2021-11-10 18:56:56.844 12401-12401/com.logtool.dev I/LiveChannelProgramAdapter: onBindViewHolder:1 payloads:[]
2021-11-10 18:56:56.844 12401-12401/com.logtool.dev I/LiveChannelProgramAdapter: onBindViewHolder:1
2021-11-10 18:56:56.848 12401-12401/com.logtool.dev I/LiveChannelAdapter: onBindViewHolder:4
