2021-11-10 18:56:46.778 12401-12401/com.logtool.dev I/SurfaceControl: assignNativeObject: nativeObject = 0 Surface(name=null)/@0x5d3cb5d / android.view.SurfaceControl.readFromParcel:1117 android.view.IWindowSession$Stub$Proxy.relayout:1810 android.view.ViewRootImpl.relayoutWindow:9005 android.view.ViewRootImpl.performTraversals:3360 android.view.ViewRootImpl.doTraversal:2618 android.view.ViewRootImpl$TraversalRunnable.run:9971 android.view.Choreographer$CallbackRecord.run:1010 android.view.Choreographer.doCallbacks:809 android.view.Choreographer.doFrame:744 android.view.Choreographer$FrameDisplayEventReceiver.run:995
2021-11-10 18:56:46.780 12401-12401/com.logtool.dev I/SurfaceControl: assignNativeObject: nativeObject = 0 Surface(name=null)/@0xe3d24df / android.view.SurfaceControl.readFromParcel:1117 android.view.IWindowSession$Stub$Proxy.relayout:1820 android.view.ViewRootImpl.relayoutWindow:9005 android.view.ViewRootImpl.performTraversals:3360 android.view.ViewRootImpl.doTraversal:2618 android.view.ViewRootImpl$TraversalRunnable.run:9971 android.view.Choreographer$CallbackRecord.run:1010 android.view.Choreographer.doCallbacks:809 android.view.Choreographer.doFrame:744 android.view.Choreographer$FrameDisplayEventReceiver.run:995
2021-11-10 18:56:46.782 12401-12401/com.logtool.dev I/ViewRootImpl@98637c9[MainActivity]: Relayout returned: old=(0,0,1080,2400) new=(0,0,1080,2400) req=(1080,2400)4 dur=18 res=0x1 s={false 0} ch=false fn=-1
2021-11-10 18:56:46.782 12401-12401/com.logtool.dev I/ViewRootImpl@98637c9[MainActivity]: stopped(false) old=true
2021-11-10 18:56:46.796 12401-13044/com.logtool.dev I/Appboy v8.1.0 .bo.app.q1: New session created with ID: 198eb805-b718-47c3-92b1-10123f6e6104
2021-11-10 18:56:46.799 12401-13044/com.logtool.dev I/Appboy v8.1.0 .bo.app.m1: Did not request single location update. Location collection is disabled.
2021-11-10 18:56:46.800 12401-13044/com.logtool.dev I/Appboy v8.1.0 .bo.app.b0: Event was published, but no subscribers were found. Saving event for later publishing to a matching subscriber. Event class: class com.appboy.events.SessionStateChangedEvent
2021-11-10 18:56:46.801 12401-13044/com.logtool.dev I/Appboy v8.1.0 .bo.app.n1: Completed the openSession call. Starting or continuing session 198eb805-b718-47c3-92b1-10123f6e6104
2021-11-10 18:56:46.811 12401-13067/com.logtool.dev I/System.out: (HTTPLog)-Static: isSBSettingEnabled false
2021-11-10 18:56:46.811 12401-13067/com.logtool.dev I/System.out: (HTTPLog)-Static: isSBSettingEnabled false
2021-11-10 18:56:46.815 12401-13066/com.logtool.dev I/System.out: (HTTPLog)-Static: isSBSettingEnabled false
2021-11-10 18:56:46.815 12401-13066/com.logtool.dev I/System.out: (HTTPLog)-Static: isSBSettingEnabled false
2021-11-10 18:56:46.851 12401-12401/com.logtool.dev I/COPPAHandler: Coppa-DataSuppression:false
2021-11-10 18:56:46.855 12401-12401/com.logtool.dev I/Toast: show: focusDisplayId = 0, isFocusInDesktop = false mCustomDisplayId=-1 isDexDualMode=false
2021-11-10 18:56:46.855 12401-12401/com.logtool.dev I/Toast: show: isActivityContext = false
2021-11-10 18:56:46.868 12401-12401/com.logtool.dev I/SurfaceView: onWindowVisibilityChanged(4) false android.view.SurfaceView{8aaf9e5 V.E...... ........ 0,0-1080,611} of ViewRootImpl@98637c9[MainActivity]
2021-11-10 18:56:46.873 12401-12401/com.logtool.dev I/ExoPlayerImpl: Init 70eefe7 [ExoPlayerLib/2.11.8] [t2q, SM-G9960, samsung, 30]
2021-11-10 18:56:46.874 12401-12401/com.logtool.dev I/SurfaceView: onWindowVisibilityChanged(8) false android.view.SurfaceView{8aaf9e5 V.E...... ........ 0,0-1080,611} of ViewRootImpl@98637c9[MainActivity]
2021-11-10 18:56:46.874 12401-12401/com.logtool.dev I/SurfaceView: onWindowVisibilityChanged(4) false android.view.SurfaceView{21eb794 V.E...... ......I. 0,0-0,0} of ViewRootImpl@98637c9[MainActivity]
2021-11-10 18:56:46.880 12401-12401/com.logtool.dev I/DrmUtils: found android.hardware.drm@1.0::IDrmFactory clearkey
2021-11-10 18:56:46.883 12401-12401/com.logtool.dev I/DrmUtils: found android.hardware.drm@1.0::IDrmFactory widevine
2021-11-10 18:56:46.888 12401-12401/com.logtool.dev I/DrmUtils: found android.hardware.drm@1.1::IDrmFactory clearkey
2021-11-10 18:56:46.888 12401-12401/com.logtool.dev I/DrmUtils: found android.hardware.drm@1.1::IDrmFactory widevine
2021-11-10 18:56:46.890 12401-12401/com.logtool.dev I/DrmUtils: found android.hardware.drm@1.2::IDrmFactory clearkey
2021-11-10 18:56:46.891 12401-12401/com.logtool.dev I/DrmUtils: found android.hardware.drm@1.2::IDrmFactory widevine
2021-11-10 18:56:46.892 12401-12401/com.logtool.dev I/DrmUtils: found android.hardware.drm@1.3::IDrmFactory clearkey
2021-11-10 18:56:46.893 12401-12401/com.logtool.dev I/DrmUtils: found android.hardware.drm@1.3::IDrmFactory widevine
2021-11-10 18:56:46.902 12401-12401/com.logtool.dev I/MobileDeepLinkHandler: initBranch intentUri=null
2021-11-10 18:56:46.911 12401-12401/com.logtool.dev I/ReferralChecker: checkLaunchIntent(Intent { act=android.intent.action.MAIN cat=[android.intent.category.LAUNCHER] flg=0x10600000 cmp=com.logtool.dev/com.logtool.activities.MainActivity bnds=[795,904][1041,1266] })
2021-11-10 18:56:46.911 12401-12401/com.logtool.dev I/ViewRootImpl@98637c9[MainActivity]: stopped(false) old=false
2021-11-10 18:56:46.917 12401-12401/com.logtool.dev W/FirebaseRemoteConfig: No value of type 'FirebaseRemoteConfigValue' exists for parameter key 'fpr_session_max_duration_min'.
2021-11-10 18:56:46.918 12401-12401/com.logtool.dev W/FirebaseRemoteConfig: No value of type 'FirebaseRemoteConfigValue' exists for parameter key 'fpr_session_max_duration_min'.
2021-11-10 18:56:46.929 12401-12401/com.logtool.dev I/PlayerHandler: resume on PlayItem
2021-11-10 18:56:46.929 12401-12401/com.logtool.dev I/SurfaceView: onWindowVisibilityChanged(8) false android.view.SurfaceView{21eb794 V.E...... ......I. 0,0-0,0} of ViewRootImpl@98637c9[MainActivity]
2021-11-10 18:56:46.929 12401-12401/com.logtool.dev I/SurfaceView: onWindowVisibilityChanged(4) false android.view.SurfaceView{5ba589 V.E...... ......I. 0,0-0,0} of ViewRootImpl@98637c9[MainActivity]
2021-11-10 18:56:46.930 12401-12401/com.logtool.dev I/MainActivity: onPostResume
2021-11-10 18:56:46.932 12401-12401/com.logtool.dev I/LiveChannelProgramAdapter: onBindViewHolder:0 payloads:[]
2021-11-10 18:56:46.932 12401-12401/com.logtool.dev I/LiveChannelProgramAdapter: onBindViewHolder:0
2021-11-10 18:56:46.933 12401-28298/com.logtool.dev I/System.out: (HTTPLog)-Static: isSBSettingEnabled false
2021-11-10 18:56:46.933 12401-28298/com.logtool.dev I/System.out: (HTTPLog)-Static: isSBSettingEnabled false
2021-11-10 18:56:46.934 12401-12401/com.logtool.dev I/LiveChannelProgramAdapter: onBindViewHolder:0 payloads:[]
2021-11-10 18:56:46.934 12401-12401/com.logtool.dev I/LiveChannelProgramAdapter: onBindViewHolder:0
2021-11-10 18:56:46.934 12401-12401/com.logtool.dev I/SurfaceView: onWindowVisibilityChanged(0) true android.view.SurfaceView{5ba589 V.E...... ......I. 0,0-0,0} of ViewRootImpl@98637c9[MainActivity]
2021-11-10 18:56:46.943 12401-12401/com.logtool.dev I/SurfaceControl: assignNativeObject: nativeObject = 0 Surface(name=null)/@0xe3d24df / android.view.SurfaceControl.readFromParcel:1117 android.view.IWindowSession$Stub$Proxy.relayout:1820 android.view.ViewRootImpl.relayoutWindow:9005 android.view.ViewRootImpl.performTraversals:3360 android.view.ViewRootImpl.doTraversal:2618 android.view.ViewRootImpl$TraversalRunnable.run:9971 android.view.Choreographer$CallbackRecord.run:1010 android.view.Choreographer.doCallbacks:809 android.view.Choreographer.doFrame:744 android.view.Choreographer$FrameDisplayEventReceiver.run:995
2021-11-10 18:56:46.943 12401-12401/com.logtool.dev I/ViewRootImpl@98637c9[MainActivity]: Relayout returned: old=(0,0,1080,2400) new=(0,0,1080,2400) req=(1080,2400)0 dur=7 res=0x7 s={true 537043300224} ch=true fn=-1
2021-11-10 18:56:46.943 12401-12401/com.logtool.dev I/SurfaceView: windowStopped(false) true android.view.SurfaceView{5ba589 V.E...... ......I. 0,0-0,0} of ViewRootImpl@98637c9[MainActivity]
2021-11-10 18:56:46.944 12401-13082/com.logtool.dev I/AdrenoGLES-0: QUALCOMM build                   : d0017ebc28, Ic89c6ea852
    Build Date                       : 06/23/21
    OpenGL ES Shader Compiler Version: EV031.35.01.04
    Local Branch                     :
    Remote Branch                    :
    Remote Branch                    :
    Reconstruct Branch               :
2021-11-10 18:56:46.944 12401-13082/com.logtool.dev I/AdrenoGLES-0: Build Config                     : S P 10.0.7 AArch64
2021-11-10 18:56:46.944 12401-13082/com.logtool.dev I/AdrenoGLES-0: Driver Path                      : /vendor/lib64/egl/libGLESv2_adreno.so
2021-11-10 18:56:46.944 12401-13026/com.logtool.dev I/System.out: (HTTPLog)-Static: isSBSettingEnabled false
2021-11-10 18:56:46.944 12401-13026/com.logtool.dev I/System.out: (HTTPLog)-Static: isSBSettingEnabled false
2021-11-10 18:56:46.952 12401-12401/com.logtool.dev I/SurfaceView: surfaceCreated 1 #8 android.view.SurfaceView{5ba589 V.E...... ......ID 0,0-1080,611}
2021-11-10 18:56:46.952 12401-12401/com.logtool.dev I/SurfaceView: surfaceChanged (1080,611) 1 #8 android.view.SurfaceView{5ba589 V.E...... ......ID 0,0-1080,611}
2021-11-10 18:56:46.953 12401-13082/com.logtool.dev I/AdrenoGLES-0: PFP: 0x016dc094, ME: 0x00000000
2021-11-10 18:56:46.961 12401-13181/com.logtool.dev I/SurfaceView: applySurfaceTransforms: t = android.view.SurfaceControl$Transaction@82eb987 surfaceControl = Surface(name=SurfaceView - com.logtool.dev/com.logtool.activities.MainActivity@5ba589@0)/@0xdd650b4 frame = 1
2021-11-10 18:56:46.977 12401-12401/com.logtool.dev I/LiveChannelProgramAdapter: onBindViewHolder:0 payloads:[UPDATE_LIVE_CHANNEL_PROGRESS]
2021-11-10 18:56:46.978 12401-12401/com.logtool.dev I/LiveChannelProgramAdapter: onBindViewHolder:2 payloads:[]
2021-11-10 18:56:46.978 12401-12401/com.logtool.dev I/LiveChannelProgramAdapter: onBindViewHolder:2
2021-11-10 18:56:46.978 12401-12401/com.logtool.dev I/LiveChannelProgramAdapter: onBindViewHolder:0 payloads:[UPDATE_LIVE_CHANNEL_PROGRESS]
2021-11-10 18:56:46.986 12401-13019/com.logtool.dev I/System.out: (HTTPLog)-Static: isSBSettingEnabled false
2021-11-10 18:56:46.986 12401-13019/com.logtool.dev I/System.out: (HTTPLog)-Static: isSBSettingEnabled false
2021-11-10 18:56:46.997 12401-12401/com.logtool.dev I/ViewRootImpl@98637c9[MainActivity]: MSG_WINDOW_FOCUS_CHANGED 1 1
2021-11-10 18:56:46.998 12401-12401/com.logtool.dev I/InputMethodManager: startInputInner - mService.startInputOrWindowGainedFocus
2021-11-10 18:56:47.013 12401-28295/com.logtool.dev W/Adjust: Couldn't receive networkOperator string to read MCC
2021-11-10 18:56:47.013 12401-28295/com.logtool.dev W/Adjust: Couldn't receive networkOperator string to read MNC
2021-11-10 18:56:47.014 12401-12401/com.logtool.dev I/SurfaceControl: nativeRelease nativeObject s[532748884528]
2021-11-10 18:56:47.014 12401-12401/com.logtool.dev I/SurfaceControl: nativeRelease nativeObject e[532748884528]
2021-11-10 18:56:47.014 12401-12401/com.logtool.dev I/SurfaceControl: nativeRelease nativeObject s[532748864288]
2021-11-10 18:56:47.014 12401-12401/com.logtool.dev I/SurfaceControl: nativeRelease nativeObject e[532748864288]
2021-11-10 18:56:47.016 12401-28295/com.logtool.dev W/Adjust: Couldn't read network type (getDataNetworkTypeForSubscriber)
2021-11-10 18:56:47.020 12401-28305/com.logtool.dev I/System.out: (HTTPLog)-Static: isSBSettingEnabled false
2021-11-10 18:56:47.020 12401-28305/com.logtool.dev I/System.out: (HTTPLog)-Static: isSBSettingEnabled false
2021-11-10 18:56:47.984 12401-12401/com.logtool.dev I/LiveChannelProgramAdapter: onBindViewHolder:0 payloads:[UPDATE_LIVE_CHANNEL_PROGRESS]
2021-11-10 18:56:47.987 12401-12401/com.logtool.dev I/LiveChannelProgramAdapter: onBindViewHolder:0 payloads:[UPDATE_LIVE_CHANNEL_PROGRESS]
2021-11-10 18:56:48.919 12401-28294/com.logtool.dev W/FirebaseRemoteConfig: No value of type 'FirebaseRemoteConfigValue' exists for parameter key 'fpr_session_max_duration_min'.
2021-11-10 18:56:48.988 12401-12401/com.logtool.dev I/LiveChannelProgramAdapter: onBindViewHolder:0 payloads:[UPDATE_LIVE_CHANNEL_PROGRESS]
2021-11-10 18:56:48.990 12401-12401/com.logtool.dev I/LiveChannelProgramAdapter: onBindViewHolder:0 payloads:[UPDATE_LIVE_CHANNEL_PROGRESS]
2021-11-10 18:56:50.009 12401-12401/com.logtool.dev I/LiveChannelProgramAdapter: onBindViewHolder:0 payloads:[UPDATE_LIVE_CHANNEL_PROGRESS]
2021-11-10 18:56:50.010 12401-12401/com.logtool.dev I/LiveChannelProgramAdapter: onBindViewHolder:0 payloads:[UPDATE_LIVE_CHANNEL_PROGRESS]
2021-11-10 18:56:50.465 12401-12401/com.logtool.dev I/ViewRootImpl@98637c9[MainActivity]: ViewPostIme pointer 0
2021-11-10 18:56:50.472 12401-12971/com.logtool.dev W/com.logtool.dev: Reducing the number of considered missed Gc histogram windows from 285 to 100
2021-11-10 18:56:50.547 12401-12401/com.logtool.dev I/LiveChannelAdapter: onBindViewHolder:9
2021-11-10 18:56:50.563 12401-12401/com.logtool.dev I/LiveChannelAdapter: onBindViewHolder:10
2021-11-10 18:56:50.565 12401-12401/com.logtool.dev I/ViewRootImpl@98637c9[MainActivity]: ViewPostIme pointer 1
2021-11-10 18:56:50.613 12401-12401/com.logtool.dev I/LiveChannelAdapter: onBindViewHolder:11
2021-11-10 18:56:50.620 12401-12401/com.logtool.dev I/LiveChannelProgramAdapter: onBindViewHolder:0 payloads:[]
2021-11-10 18:56:50.620 12401-12401/com.logtool.dev I/LiveChannelProgramAdapter: onBindViewHolder:0
2021-11-10 18:56:50.621 12401-12401/com.logtool.dev I/LiveChannelProgramAdapter: onBindViewHolder:1 payloads:[]
2021-11-10 18:56:50.621 12401-12401/com.logtool.dev I/LiveChannelProgramAdapter: onBindViewHolder:1
2021-11-10 18:56:50.623 12401-12401/com.logtool.dev I/LiveChannelAdapter: onBindViewHolder:12
2021-11-10 18:56:50.647 12401-12401/com.logtool.dev I/LiveChannelAdapter: onBindViewHolder:13
2021-11-10 18:56:50.669 12401-12401/com.logtool.dev I/LiveChannelAdapter: onBindViewHolder:14
2021-11-10 18:56:50.689 12401-12401/com.logtool.dev I/LiveChannelAdapter: onBindViewHolder:15
2021-11-10 18:56:50.703 12401-12401/com.logtool.dev I/LiveChannelProgramAdapter: onBindViewHolder:0 payloads:[]
2021-11-10 18:56:50.703 12401-12401/com.logtool.dev I/LiveChannelProgramAdapter: onBindViewHolder:0
2021-11-10 18:56:50.704 12401-12401/com.logtool.dev I/LiveChannelProgramAdapter: onBindViewHolder:1 payloads:[]
2021-11-10 18:56:50.704 12401-12401/com.logtool.dev I/LiveChannelProgramAdapter: onBindViewHolder:1
2021-11-10 18:56:50.706 12401-12401/com.logtool.dev I/LiveChannelAdapter: onBindViewHolder:16
2021-11-10 18:56:50.728 12401-12401/com.logtool.dev I/LiveChannelProgramAdapter: onBindViewHolder:0 payloads:[]
2021-11-10 18:56:50.728 12401-12401/com.logtool.dev I/LiveChannelProgramAdapter: onBindViewHolder:0
2021-11-10 18:56:50.729 12401-12401/com.logtool.dev I/LiveChannelProgramAdapter: onBindViewHolder:1 payloads:[]
2021-11-10 18:56:50.729 12401-12401/com.logtool.dev I/LiveChannelProgramAdapter: onBindViewHolder:1
2021-11-10 18:56:50.731 12401-12401/com.logtool.dev I/LiveChannelAdapter: onBindViewHolder:17
2021-11-10 18:56:50.758 12401-12401/com.logtool.dev I/LiveChannelAdapter: onBindViewHolder:18
2021-11-10 18:56:50.779 12401-12401/com.logtool.dev I/LiveChannelProgramAdapter: onBindViewHolder:0 payloads:[]
2021-11-10 18:56:50.779 12401-12401/com.logtool.dev I/LiveChannelProgramAdapter: onBindViewHolder:0
2021-11-10 18:56:50.780 12401-12401/com.logtool.dev I/LiveChannelProgramAdapter: onBindViewHolder:1 payloads:[]
2021-11-10 18:56:50.780 12401-12401/com.logtool.dev I/LiveChannelProgramAdapter: onBindViewHolder:1
2021-11-10 18:56:50.782 12401-12401/com.logtool.dev I/LiveChannelAdapter: onBindViewHolder:19
2021-11-10 18:56:50.784 12401-28335/com.logtool.dev W/FirebaseRemoteConfig: No value of type 'FirebaseRemoteConfigValue' exists for parameter key 'fpr_session_max_duration_min'.
2021-11-10 18:56:50.785 12401-28291/com.logtool.dev I/FirebasePerformance: Did not receive a HTTP Response Code
2021-11-10 18:56:50.785 12401-28291/com.logtool.dev W/FirebasePerformance: Unable to process the PerfMetric due to missing or invalid values. See earlier log statements for additional information on the specific missing/invalid values.
2021-11-10 18:56:50.874 12401-12401/com.logtool.dev I/ViewRootImpl@98637c9[MainActivity]: ViewPostIme pointer 0
2021-11-10 18:56:50.915 12401-28305/com.logtool.dev W/FirebaseRemoteConfig: No value of type 'FirebaseRemoteConfigValue' exists for parameter key 'fpr_session_max_duration_min'.
2021-11-10 18:56:50.915 12401-28305/com.logtool.dev I/Adjust: Session tracked
2021-11-10 18:56:50.917 12401-13019/com.logtool.dev W/FirebaseRemoteConfig: No value of type 'FirebaseRemoteConfigValue' exists for parameter key 'fpr_session_max_duration_min'.
2021-11-10 18:56:50.920 12401-28294/com.logtool.dev W/FirebaseRemoteConfig: No value of type 'FirebaseRemoteConfigValue' exists for parameter key 'fpr_session_max_duration_min'.
2021-11-10 18:56:50.922 12401-12401/com.logtool.dev I/MobileDeepLinkHandler: branch onInitFinished
2021-11-10 18:56:50.922 12401-12401/com.logtool.dev I/MobileDeepLinkHandler: shouldRoutePage=false
2021-11-10 18:56:50.925 12401-12401/com.logtool.dev E/LogBaseActivity: handle deep link error
2021-11-10 18:56:50.927 12401-13019/com.logtool.dev I/System.out: (HTTPLog)-Static: isSBSettingEnabled false
2021-11-10 18:56:50.927 12401-13019/com.logtool.dev I/System.out: (HTTPLog)-Static: isSBSettingEnabled false
2021-11-10 18:56:50.980 12401-12401/com.logtool.dev I/LiveChannelAdapter: onBindViewHolder:12
2021-11-10 18:56:50.982 12401-12401/com.logtool.dev I/ViewRootImpl@98637c9[MainActivity]: ViewPostIme pointer 1
2021-11-10 18:56:51.000 12401-12401/com.logtool.dev I/LiveChannelAdapter: onBindViewHolder:11
2021-11-10 18:56:51.004 12401-12401/com.logtool.dev I/LiveChannelProgramAdapter: onBindViewHolder:2 payloads:[]
2021-11-10 18:56:51.004 12401-12401/com.logtool.dev I/LiveChannelProgramAdapter: onBindViewHolder:2
2021-11-10 18:56:51.005 12401-12401/com.logtool.dev I/LiveChannelProgramAdapter: onBindViewHolder:0 payloads:[UPDATE_LIVE_CHANNEL_PROGRESS]
2021-11-10 18:56:51.005 12401-12401/com.logtool.dev I/LiveChannelProgramAdapter: onBindViewHolder:2 payloads:[]
2021-11-10 18:56:51.005 12401-12401/com.logtool.dev I/LiveChannelProgramAdapter: onBindViewHolder:2
2021-11-10 18:56:51.006 12401-12401/com.logtool.dev I/LiveChannelProgramAdapter: onBindViewHolder:0 payloads:[UPDATE_LIVE_CHANNEL_PROGRESS]
2021-11-10 18:56:51.021 12401-12401/com.logtool.dev I/LiveChannelProgramAdapter: onBindViewHolder:0 payloads:[]
2021-11-10 18:56:51.021 12401-12401/com.logtool.dev I/LiveChannelProgramAdapter: onBindViewHolder:0
2021-11-10 18:56:51.022 12401-12401/com.logtool.dev I/LiveChannelProgramAdapter: onBindViewHolder:1 payloads:[]
2021-11-10 18:56:51.022 12401-12401/com.logtool.dev I/LiveChannelProgramAdapter: onBindViewHolder:1
2021-11-10 18:56:51.024 12401-12401/com.logtool.dev I/LiveChannelAdapter: onBindViewHolder:10
2021-11-10 18:56:51.039 12401-12401/com.logtool.dev I/LiveChannelAdapter: onBindViewHolder:9
2021-11-10 18:56:51.055 12401-12401/com.logtool.dev I/LiveChannelAdapter: onBindViewHolder:8
2021-11-10 18:56:51.072 12401-12401/com.logtool.dev I/LiveChannelAdapter: onBindViewHolder:7
2021-11-10 18:56:51.089 12401-12401/com.logtool.dev I/LiveChannelAdapter: onBindViewHolder:6
2021-11-10 18:56:51.103 12401-28298/com.logtool.dev W/FirebaseRemoteConfig: No value of type 'FirebaseRemoteConfigValue' exists for parameter key 'fpr_session_max_duration_min'.
2021-11-10 18:56:51.106 12401-12401/com.logtool.dev I/LiveChannelProgramAdapter: onBindViewHolder:0 payloads:[]
2021-11-10 18:56:51.106 12401-12401/com.logtool.dev I/LiveChannelProgramAdapter: onBindViewHolder:0
2021-11-10 18:56:51.106 12401-12401/com.logtool.dev I/LiveChannelProgramAdapter: onBindViewHolder:1 payloads:[]
2021-11-10 18:56:51.106 12401-12401/com.logtool.dev I/LiveChannelProgramAdapter: onBindViewHolder:1
2021-11-10 18:56:51.108 12401-12401/com.logtool.dev I/LiveChannelAdapter: onBindViewHolder:5
2021-11-10 18:56:51.121 12401-12401/com.logtool.dev I/LiveChannelProgramAdapter: onBindViewHolder:0 payloads:[]
2021-11-10 18:56:51.121 12401-12401/com.logtool.dev I/LiveChannelProgramAdapter: onBindViewHolder:0
2021-11-10 18:56:51.122 12401-12401/com.logtool.dev I/LiveChannelProgramAdapter: onBindViewHolder:1 payloads:[]
2021-11-10 18:56:51.122 12401-12401/com.logtool.dev I/LiveChannelProgramAdapter: onBindViewHolder:1
2021-11-10 18:56:51.127 12401-12401/com.logtool.dev I/LiveChannelAdapter: onBindViewHolder:4
2021-11-10 18:56:51.138 12401-12401/com.logtool.dev I/LiveChannelProgramAdapter: onBindViewHolder:7 payloads:[]
2021-11-10 18:56:51.138 12401-12401/com.logtool.dev I/LiveChannelProgramAdapter: onBindViewHolder:7
2021-11-10 18:56:51.142 12401-12401/com.logtool.dev I/LiveChannelAdapter: onBindViewHolder:3
2021-11-10 18:56:51.144 12401-28342/com.logtool.dev W/FirebaseRemoteConfig: No value of type 'FirebaseRemoteConfigValue' exists for parameter key 'fpr_session_max_duration_min'.
2021-11-10 18:56:51.146 12401-28335/com.logtool.dev W/FirebaseRemoteConfig: No value of type 'FirebaseRemoteConfigValue' exists for parameter key 'fpr_session_max_duration_min'.
2021-11-10 18:56:51.146 12401-28291/com.logtool.dev I/FirebasePerformance: Did not receive a HTTP Response Code
2021-11-10 18:56:51.146 12401-28291/com.logtool.dev W/FirebasePerformance: Unable to process the PerfMetric due to missing or invalid values. See earlier log statements for additional information on the specific missing/invalid values.
2021-11-10 18:56:51.147 12401-28291/com.logtool.dev I/FirebasePerformance: Did not receive a HTTP Response Code
2021-11-10 18:56:51.147 12401-28291/com.logtool.dev W/FirebasePerformance: Unable to process the PerfMetric due to missing or invalid values. See earlier log statements for additional information on the specific missing/invalid values.
2021-11-10 18:56:51.148 12401-28342/com.logtool.dev W/FirebaseRemoteConfig: No value of type 'FirebaseRemoteConfigValue' exists for parameter key 'fpr_session_max_duration_min'.
2021-11-10 18:56:51.149 12401-28291/com.logtool.dev I/FirebasePerformance: Did not receive a HTTP Response Code
2021-11-10 18:56:51.149 12401-28291/com.logtool.dev W/FirebasePerformance: Unable to process the PerfMetric due to missing or invalid values. See earlier log statements for additional information on the specific missing/invalid values.
2021-11-10 18:56:51.150 12401-28335/com.logtool.dev W/FirebaseRemoteConfig: No value of type 'FirebaseRemoteConfigValue' exists for parameter key 'fpr_session_max_duration_min'.
2021-11-10 18:56:51.151 12401-28342/com.logtool.dev W/FirebaseRemoteConfig: No value of type 'FirebaseRemoteConfigValue' exists for parameter key 'fpr_session_max_duration_min'.
2021-11-10 18:56:51.151 12401-28291/com.logtool.dev I/FirebasePerformance: Did not receive a HTTP Response Code
2021-11-10 18:56:51.151 12401-28291/com.logtool.dev W/FirebasePerformance: Unable to process the PerfMetric due to missing or invalid values. See earlier log statements for additional information on the specific missing/invalid values.
2021-11-10 18:56:51.152 12401-28335/com.logtool.dev W/FirebaseRemoteConfig: No value of type 'FirebaseRemoteConfigValue' exists for parameter key 'fpr_session_max_duration_min'.
2021-11-10 18:56:51.152 12401-28291/com.logtool.dev I/FirebasePerformance: Did not receive a HTTP Response Code
2021-11-10 18:56:51.152 12401-28291/com.logtool.dev W/FirebasePerformance: Unable to process the PerfMetric due to missing or invalid values. See earlier log statements for additional information on the specific missing/invalid values.
2021-11-10 18:56:51.153 12401-28291/com.logtool.dev I/FirebasePerformance: Did not receive a HTTP Response Code
2021-11-10 18:56:51.153 12401-28291/com.logtool.dev W/FirebasePerformance: Unable to process the PerfMetric due to missing or invalid values. See earlier log statements for additional information on the specific missing/invalid values.
2021-11-10 18:56:51.156 12401-12401/com.logtool.dev I/LiveChannelAdapter: onBindViewHolder:2
2021-11-10 18:56:51.159 12401-28343/com.logtool.dev W/FirebaseRemoteConfig: No value of type 'FirebaseRemoteConfigValue' exists for parameter key 'fpr_session_max_duration_min'.
2021-11-10 18:56:51.160 12401-28291/com.logtool.dev I/FirebasePerformance: Did not receive a HTTP Response Code
2021-11-10 18:56:51.160 12401-28291/com.logtool.dev W/FirebasePerformance: Unable to process the PerfMetric due to missing or invalid values. See earlier log statements for additional information on the specific missing/invalid values.
2021-11-10 18:56:51.172 12401-12401/com.logtool.dev I/LiveChannelAdapter: onBindViewHolder:1
2021-11-10 18:56:51.174 12401-28342/com.logtool.dev W/FirebaseRemoteConfig: No value of type 'FirebaseRemoteConfigValue' exists for parameter key 'fpr_session_max_duration_min'.
2021-11-10 18:56:51.176 12401-28291/com.logtool.dev I/FirebasePerformance: Did not receive a HTTP Response Code
2021-11-10 18:56:51.176 12401-28291/com.logtool.dev W/FirebasePerformance: Unable to process the PerfMetric due to missing or invalid values. See earlier log statements for additional information on the specific missing/invalid values.
2021-11-10 18:56:51.199 12401-12401/com.logtool.dev I/LiveChannelAdapter: onBindViewHolder:0
2021-11-10 18:56:51.201 12401-28333/com.logtool.dev W/FirebaseRemoteConfig: No value of type 'FirebaseRemoteConfigValue' exists for parameter key 'fpr_session_max_duration_min'.
2021-11-10 18:56:51.202 12401-28344/com.logtool.dev W/FirebaseRemoteConfig: No value of type 'FirebaseRemoteConfigValue' exists for parameter key 'fpr_session_max_duration_min'.
2021-11-10 18:56:51.203 12401-28291/com.logtool.dev I/FirebasePerformance: Did not receive a HTTP Response Code
2021-11-10 18:56:51.203 12401-28291/com.logtool.dev W/FirebasePerformance: Unable to process the PerfMetric due to missing or invalid values. See earlier log statements for additional information on the specific missing/invalid values.
2021-11-10 18:56:51.204 12401-28341/com.logtool.dev W/FirebaseRemoteConfig: No value of type 'FirebaseRemoteConfigValue' exists for parameter key 'fpr_session_max_duration_min'.
2021-11-10 18:56:51.259 12401-13097/com.logtool.dev W/FirebaseRemoteConfig: No value of type 'FirebaseRemoteConfigValue' exists for parameter key 'fpr_session_max_duration_min'.
2021-11-10 18:56:51.267 12401-12401/com.logtool.dev I/ViewRootImpl@98637c9[MainActivity]: ViewPostIme pointer 0
2021-11-10 18:56:51.323 12401-13079/com.logtool.dev W/FirebaseRemoteConfig: No value of type 'FirebaseRemoteConfigValue' exists for parameter key 'fpr_session_max_duration_min'.
2021-11-10 18:56:51.323 12401-13087/com.logtool.dev W/FirebaseRemoteConfig: No value of type 'FirebaseRemoteConfigValue' exists for parameter key 'fpr_session_max_duration_min'.
2021-11-10 18:56:51.324 12401-13079/com.logtool.dev I/LiveChannelDataSource: LiveChannelRowListObservables:[555129, 581120, 555125, 555130, 560215, 559144, 555124, 555126, 571664, 555382]
2021-11-10 18:56:51.325 12401-13095/com.logtool.dev W/FirebaseRemoteConfig: No value of type 'FirebaseRemoteConfigValue' exists for parameter key 'fpr_session_max_duration_min'.
2021-11-10 18:56:51.375 12401-12401/com.logtool.dev I/ViewRootImpl@98637c9[MainActivity]: ViewPostIme pointer 1
2021-11-10 18:56:51.382 12401-13066/com.logtool.dev W/FirebaseRemoteConfig: No value of type 'FirebaseRemoteConfigValue' exists for parameter key 'fpr_session_max_duration_min'.
2021-11-10 18:56:51.391 12401-12401/com.logtool.dev I/LiveChannelAdapter: onBindViewHolder:8
2021-11-10 18:56:51.415 12401-12401/com.logtool.dev I/LiveChannelAdapter: onBindViewHolder:9
2021-11-10 18:56:51.435 12401-12401/com.logtool.dev I/LiveChannelAdapter: onBindViewHolder:10
2021-11-10 18:56:51.449 12401-12401/com.logtool.dev I/LiveChannelAdapter: onBindViewHolder:11
2021-11-10 18:56:51.464 12401-12401/com.logtool.dev I/LiveChannelProgramAdapter: onBindViewHolder:0 payloads:[]
2021-11-10 18:56:51.464 12401-12401/com.logtool.dev I/LiveChannelProgramAdapter: onBindViewHolder:0
2021-11-10 18:56:51.465 12401-12401/com.logtool.dev I/LiveChannelProgramAdapter: onBindViewHolder:1 payloads:[]
2021-11-10 18:56:51.465 12401-12401/com.logtool.dev I/LiveChannelProgramAdapter: onBindViewHolder:1
2021-11-10 18:56:51.467 12401-12401/com.logtool.dev I/LiveChannelAdapter: onBindViewHolder:12
2021-11-10 18:56:51.482 12401-12401/com.logtool.dev I/LiveChannelAdapter: onBindViewHolder:13
2021-11-10 18:56:51.504 12401-13026/com.logtool.dev W/FirebaseRemoteConfig: No value of type 'FirebaseRemoteConfigValue' exists for parameter key 'fpr_session_max_duration_min'.
2021-11-10 18:56:51.509 12401-12401/com.logtool.dev I/LiveChannelAdapter: onBindViewHolder:14
2021-11-10 18:56:51.524 12401-12401/com.logtool.dev I/LiveChannelAdapter: onBindViewHolder:15
2021-11-10 18:56:51.541 12401-13087/com.logtool.dev W/FirebaseRemoteConfig: No value of type 'FirebaseRemoteConfigValue' exists for parameter key 'fpr_session_max_duration_min'.
2021-11-10 18:56:51.548 12401-12401/com.logtool.dev I/LiveChannelProgramAdapter: onBindViewHolder:0 payloads:[]
2021-11-10 18:56:51.548 12401-12401/com.logtool.dev I/LiveChannelProgramAdapter: onBindViewHolder:0
2021-11-10 18:56:51.549 12401-12401/com.logtool.dev I/LiveChannelProgramAdapter: onBindViewHolder:1 payloads:[]
2021-11-10 18:56:51.549 12401-12401/com.logtool.dev I/LiveChannelProgramAdapter: onBindViewHolder:1
2021-11-10 18:56:51.552 12401-12401/com.logtool.dev I/LiveChannelAdapter: onBindViewHolder:16
2021-11-10 18:56:51.555 12401-28335/com.logtool.dev W/FirebaseRemoteConfig: No value of type 'FirebaseRemoteConfigValue' exists for parameter key 'fpr_session_max_duration_min'.
2021-11-10 18:56:51.556 12401-28291/com.logtool.dev I/FirebasePerformance: Did not receive a HTTP Response Code
2021-11-10 18:56:51.556 12401-28291/com.logtool.dev W/FirebasePerformance: Unable to process the PerfMetric due to missing or invalid values. See earlier log statements for additional information on the specific missing/invalid values.
2021-11-10 18:56:51.565 12401-12401/com.logtool.dev I/LiveChannelProgramAdapter: onBindViewHolder:0 payloads:[]
2021-11-10 18:56:51.565 12401-12401/com.logtool.dev I/LiveChannelProgramAdapter: onBindViewHolder:0
2021-11-10 18:56:51.565 12401-12401/com.logtool.dev I/LiveChannelProgramAdapter: onBindViewHolder:1 payloads:[]
2021-11-10 18:56:51.565 12401-12401/com.logtool.dev I/LiveChannelProgramAdapter: onBindViewHolder:1
2021-11-10 18:56:51.567 12401-12401/com.logtool.dev I/LiveChannelAdapter: onBindViewHolder:17
2021-11-10 18:56:51.593 12401-12401/com.logtool.dev I/LiveChannelAdapter: onBindViewHolder:18
2021-11-10 18:56:51.603 12401-28341/com.logtool.dev W/FirebaseRemoteConfig: No value of type 'FirebaseRemoteConfigValue' exists for parameter key 'fpr_session_max_duration_min'.
2021-11-10 18:56:51.607 12401-12401/com.logtool.dev I/LiveChannelProgramAdapter: onBindViewHolder:0 payloads:[]
2021-11-10 18:56:51.607 12401-12401/com.logtool.dev I/LiveChannelProgramAdapter: onBindViewHolder:0
2021-11-10 18:56:51.607 12401-12401/com.logtool.dev I/LiveChannelProgramAdapter: onBindViewHolder:1 payloads:[]
2021-11-10 18:56:51.607 12401-12401/com.logtool.dev I/LiveChannelProgramAdapter: onBindViewHolder:1
2021-11-10 18:56:51.610 12401-12401/com.logtool.dev I/LiveChannelAdapter: onBindViewHolder:19
2021-11-10 18:56:51.620 12401-28344/com.logtool.dev W/FirebaseRemoteConfig: No value of type 'FirebaseRemoteConfigValue' exists for parameter key 'fpr_session_max_duration_min'.
2021-11-10 18:56:51.628 12401-12401/com.logtool.dev I/ViewRootImpl@98637c9[MainActivity]: ViewPostIme pointer 0
2021-11-10 18:56:51.676 12401-13067/com.logtool.dev W/FirebaseRemoteConfig: No value of type 'FirebaseRemoteConfigValue' exists for parameter key 'fpr_session_max_duration_min'.
2021-11-10 18:56:51.679 12401-13067/com.logtool.dev I/Appboy v8.1.0 .bo.app.v3: Updating offline Content Cards for user with id:
2021-11-10 18:56:51.679 12401-13067/com.logtool.dev I/Appboy v8.1.0 .bo.app.b0: Event was published, but no subscribers were found. Saving event for later publishing to a matching subscriber. Event class: class com.appboy.events.ContentCardsUpdatedEvent
2021-11-10 18:56:51.737 12401-12401/com.logtool.dev I/LiveChannelAdapter: onBindViewHolder:11
2021-11-10 18:56:51.751 12401-12401/com.logtool.dev I/ViewRootImpl@98637c9[MainActivity]: ViewPostIme pointer 1
2021-11-10 18:56:51.757 12401-12401/com.logtool.dev I/LiveChannelProgramAdapter: onBindViewHolder:0 payloads:[]
2021-11-10 18:56:51.757 12401-12401/com.logtool.dev I/LiveChannelProgramAdapter: onBindViewHolder:0
2021-11-10 18:56:51.758 12401-12401/com.logtool.dev I/LiveChannelProgramAdapter: onBindViewHolder:1 payloads:[]
2021-11-10 18:56:51.758 12401-12401/com.logtool.dev I/LiveChannelProgramAdapter: onBindViewHolder:1
2021-11-10 18:56:51.760 12401-12401/com.logtool.dev I/LiveChannelAdapter: onBindViewHolder:10
2021-11-10 18:56:51.786 12401-13019/com.logtool.dev W/FirebaseRemoteConfig: No value of type 'FirebaseRemoteConfigValue' exists for parameter key 'fpr_session_max_duration_min'.
2021-11-10 18:56:51.791 12401-12401/com.logtool.dev I/LiveChannelAdapter: onBindViewHolder:9
2021-11-10 18:56:51.807 12401-12401/com.logtool.dev I/LiveChannelAdapter: onBindViewHolder:8
2021-11-10 18:56:51.810 12401-28341/com.logtool.dev W/FirebaseRemoteConfig: No value of type 'FirebaseRemoteConfigValue' exists for parameter key 'fpr_session_max_duration_min'.
2021-11-10 18:56:51.810 12401-28291/com.logtool.dev I/FirebasePerformance: Did not receive a HTTP Response Code
2021-11-10 18:56:51.810 12401-28291/com.logtool.dev W/FirebasePerformance: Unable to process the PerfMetric due to missing or invalid values. See earlier log statements for additional information on the specific missing/invalid values.
2021-11-10 18:56:51.832 12401-12401/com.logtool.dev I/LiveChannelAdapter: onBindViewHolder:7
2021-11-10 18:56:51.850 12401-12401/com.logtool.dev I/LiveChannelAdapter: onBindViewHolder:6
2021-11-10 18:56:51.853 12401-28343/com.logtool.dev W/FirebaseRemoteConfig: No value of type 'FirebaseRemoteConfigValue' exists for parameter key 'fpr_session_max_duration_min'.
2021-11-10 18:56:51.854 12401-28291/com.logtool.dev I/FirebasePerformance: Did not receive a HTTP Response Code
2021-11-10 18:56:51.854 12401-28291/com.logtool.dev W/FirebasePerformance: Unable to process the PerfMetric due to missing or invalid values. See earlier log statements for additional information on the specific missing/invalid values.
2021-11-10 18:56:51.862 12401-28342/com.logtool.dev W/FirebaseRemoteConfig: No value of type 'FirebaseRemoteConfigValue' exists for parameter key 'fpr_session_max_duration_min'.
2021-11-10 18:56:51.862 12401-28333/com.logtool.dev W/FirebaseRemoteConfig: No value of type 'FirebaseRemoteConfigValue' exists for parameter key 'fpr_session_max_duration_min'.
2021-11-10 18:56:51.874 12401-12401/com.logtool.dev I/LiveChannelProgramAdapter: onBindViewHolder:0 payloads:[]
2021-11-10 18:56:51.874 12401-12401/com.logtool.dev I/LiveChannelProgramAdapter: onBindViewHolder:0
2021-11-10 18:56:51.874 12401-12401/com.logtool.dev I/LiveChannelProgramAdapter: onBindViewHolder:1 payloads:[]
2021-11-10 18:56:51.875 12401-12401/com.logtool.dev I/LiveChannelProgramAdapter: onBindViewHolder:1
2021-11-10 18:56:51.877 12401-12401/com.logtool.dev I/LiveChannelAdapter: onBindViewHolder:5
2021-11-10 18:56:51.879 12401-28335/com.logtool.dev W/FirebaseRemoteConfig: No value of type 'FirebaseRemoteConfigValue' exists for parameter key 'fpr_session_max_duration_min'.
2021-11-10 18:56:51.880 12401-28291/com.logtool.dev I/FirebasePerformance: Did not receive a HTTP Response Code
2021-11-10 18:56:51.880 12401-28291/com.logtool.dev W/FirebasePerformance: Unable to process the PerfMetric due to missing or invalid values. See earlier log statements for additional information on the specific missing/invalid values.
2021-11-10 18:56:51.899 12401-12401/com.logtool.dev I/LiveChannelProgramAdapter: onBindViewHolder:0 payloads:[]
2021-11-10 18:56:51.899 12401-12401/com.logtool.dev I/LiveChannelProgramAdapter: onBindViewHolder:0
2021-11-10 18:56:51.900 12401-12401/com.logtool.dev I/LiveChannelProgramAdapter: onBindViewHolder:1 payloads:[]
2021-11-10 18:56:51.900 12401-12401/com.logtool.dev I/LiveChannelProgramAdapter: onBindViewHolder:1
2021-11-10 18:56:51.904 12401-12401/com.logtool.dev I/LiveChannelAdapter: onBindViewHolder:4
2021-11-10 18:56:51.907 12401-28291/com.logtool.dev I/FirebasePerformance: Did not receive a HTTP Response Code
2021-11-10 18:56:51.907 12401-28291/com.logtool.dev W/FirebasePerformance: Unable to process the PerfMetric due to missing or invalid values. See earlier log statements for additional information on the specific missing/invalid values.
2021-11-10 18:56:51.908 12401-28344/com.logtool.dev W/FirebaseRemoteConfig: No value of type 'FirebaseRemoteConfigValue' exists for parameter key 'fpr_session_max_duration_min'.
2021-11-10 18:56:51.922 12401-13079/com.logtool.dev W/FirebaseRemoteConfig: No value of type 'FirebaseRemoteConfigValue' exists for parameter key 'fpr_session_max_duration_min'.
2021-11-10 18:56:51.924 12401-12401/com.logtool.dev I/LiveChannelProgramAdapter: onBindViewHolder:7 payloads:[]
2021-11-10 18:56:51.924 12401-12401/com.logtool.dev I/LiveChannelProgramAdapter: onBindViewHolder:7
2021-11-10 18:56:51.929 12401-12401/com.logtool.dev I/LiveChannelAdapter: onBindViewHolder:3
2021-11-10 18:56:51.930 12401-12401/com.logtool.dev I/ViewRootImpl@98637c9[MainActivity]: ViewPostIme pointer 0
2021-11-10 18:56:52.011 12401-12401/com.logtool.dev I/LiveChannelAdapter: onBindViewHolder:11
2021-11-10 18:56:52.016 12401-12401/com.logtool.dev I/LiveChannelProgramAdapter: onBindViewHolder:2 payloads:[]
2021-11-10 18:56:52.016 12401-12401/com.logtool.dev I/LiveChannelProgramAdapter: onBindViewHolder:2
2021-11-10 18:56:52.016 12401-12401/com.logtool.dev I/LiveChannelProgramAdapter: onBindViewHolder:0 payloads:[UPDATE_LIVE_CHANNEL_PROGRESS]
2021-11-10 18:56:52.033 12401-12401/com.logtool.dev I/LiveChannelProgramAdapter: onBindViewHolder:0 payloads:[]
2021-11-10 18:56:52.034 12401-12401/com.logtool.dev I/LiveChannelProgramAdapter: onBindViewHolder:0
2021-11-10 18:56:52.035 12401-12401/com.logtool.dev I/LiveChannelProgramAdapter: onBindViewHolder:1 payloads:[]
2021-11-10 18:56:52.035 12401-12401/com.logtool.dev I/LiveChannelProgramAdapter: onBindViewHolder:1
2021-11-10 18:56:52.038 12401-12401/com.logtool.dev I/LiveChannelAdapter: onBindViewHolder:12
2021-11-10 18:56:52.044 12401-12401/com.logtool.dev I/ViewRootImpl@98637c9[MainActivity]: ViewPostIme pointer 1
2021-11-10 18:56:52.058 12401-28335/com.logtool.dev W/FirebaseRemoteConfig: No value of type 'FirebaseRemoteConfigValue' exists for parameter key 'fpr_session_max_duration_min'.
2021-11-10 18:56:52.059 12401-12401/com.logtool.dev I/LiveChannelAdapter: onBindViewHolder:13
2021-11-10 18:56:52.067 12401-12401/com.logtool.dev W/Glide: Load failed for http://images.adrise.tv/llDnUl7k2SwDRngsraPT5P3SE2I=/180x180/smart/img.adrise.tv/fubo_300x300.png with size [115x114]
    class com.bumptech.glide.load.engine.GlideException: Failed to load resource
    There was 1 root cause:
    com.bumptech.glide.load.HttpException(Not Found, status code: 404)
     call GlideException#logRootCauses(String) for more detail
      Cause (1 of 1): class com.bumptech.glide.load.engine.GlideException: Fetching data failed, class java.io.InputStream, REMOTE
    There was 1 root cause:
    com.bumptech.glide.load.HttpException(Not Found, status code: 404)
     call GlideException#logRootCauses(String) for more detail
        Cause (1 of 1): class com.bumptech.glide.load.HttpException: Not Found, status code: 404
2021-11-10 18:56:52.068 12401-12401/com.logtool.dev I/Glide: Root cause (1 of 1)
    com.bumptech.glide.load.HttpException: Not Found, status code: 404
        at com.bumptech.glide.integration.okhttp3.OkHttpStreamFetcher.onResponse(OkHttpStreamFetcher.java:71)
        at com.google.firebase.perf.network.zzh.onResponse(com.google.firebase:firebase-perf@@19.0.7:22)
        at okhttp3.internal.connection.RealCall$AsyncCall.run(RealCall.kt:504)
        at java.util.concurrent.ThreadPoolExecutor.runWorker(ThreadPoolExecutor.java:1167)
        at java.util.concurrent.ThreadPoolExecutor$Worker.run(ThreadPoolExecutor.java:641)
        at java.lang.Thread.run(Thread.java:923)
2021-11-10 18:56:52.084 12401-12401/com.logtool.dev I/LiveChannelAdapter: onBindViewHolder:14
2021-11-10 18:56:52.101 12401-12401/com.logtool.dev I/LiveChannelAdapter: onBindViewHolder:15
2021-11-10 18:56:52.125 12401-12401/com.logtool.dev I/LiveChannelProgramAdapter: onBindViewHolder:0 payloads:[]
2021-11-10 18:56:52.125 12401-12401/com.logtool.dev I/LiveChannelProgramAdapter: onBindViewHolder:0
2021-11-10 18:56:52.126 12401-12401/com.logtool.dev I/LiveChannelProgramAdapter: onBindViewHolder:1 payloads:[]
2021-11-10 18:56:52.126 12401-12401/com.logtool.dev I/LiveChannelProgramAdapter: onBindViewHolder:1
2021-11-10 18:56:52.128 12401-12401/com.logtool.dev I/LiveChannelAdapter: onBindViewHolder:16
2021-11-10 18:56:52.141 12401-12401/com.logtool.dev I/LiveChannelProgramAdapter: onBindViewHolder:0 payloads:[]
2021-11-10 18:56:52.142 12401-12401/com.logtool.dev I/LiveChannelProgramAdapter: onBindViewHolder:0
2021-11-10 18:56:52.142 12401-12401/com.logtool.dev I/LiveChannelProgramAdapter: onBindViewHolder:1 payloads:[]
2021-11-10 18:56:52.142 12401-12401/com.logtool.dev I/LiveChannelProgramAdapter: onBindViewHolder:1
2021-11-10 18:56:52.144 12401-12401/com.logtool.dev I/LiveChannelAdapter: onBindViewHolder:17
2021-11-10 18:56:52.160 12401-12401/com.logtool.dev I/LiveChannelAdapter: onBindViewHolder:18
2021-11-10 18:56:52.183 12401-12401/com.logtool.dev I/LiveChannelProgramAdapter: onBindViewHolder:0 payloads:[]
2021-11-10 18:56:52.183 12401-12401/com.logtool.dev I/LiveChannelProgramAdapter: onBindViewHolder:0
2021-11-10 18:56:52.184 12401-12401/com.logtool.dev I/LiveChannelProgramAdapter: onBindViewHolder:1 payloads:[]
2021-11-10 18:56:52.184 12401-12401/com.logtool.dev I/LiveChannelProgramAdapter: onBindViewHolder:1
2021-11-10 18:56:52.185 12401-12401/com.logtool.dev I/LiveChannelAdapter: onBindViewHolder:19
2021-11-10 18:56:52.279 12401-28335/com.logtool.dev W/FirebaseRemoteConfig: No value of type 'FirebaseRemoteConfigValue' exists for parameter key 'fpr_session_max_duration_min'.
2021-11-10 18:56:52.287 12401-12401/com.logtool.dev I/ViewRootImpl@98637c9[MainActivity]: ViewPostIme pointer 0
2021-11-10 18:56:52.291 12401-12401/com.logtool.dev I/LiveChannelAdapter: onBindViewHolder:19
2021-11-10 18:56:52.293 12401-12401/com.logtool.dev I/LiveChannelAdapter: onBindViewHolder:20
2021-11-10 18:56:52.295 12401-12401/com.logtool.dev I/LiveChannelProgramAdapter: onBindViewHolder:0 payloads:[]
2021-11-10 18:56:52.295 12401-12401/com.logtool.dev I/LiveChannelProgramAdapter: onBindViewHolder:0
2021-11-10 18:56:52.296 12401-12401/com.logtool.dev I/LiveChannelProgramAdapter: onBindViewHolder:1 payloads:[]
2021-11-10 18:56:52.296 12401-12401/com.logtool.dev I/LiveChannelProgramAdapter: onBindViewHolder:1
2021-11-10 18:56:52.323 12401-28344/com.logtool.dev W/FirebaseRemoteConfig: No value of type 'FirebaseRemoteConfigValue' exists for parameter key 'fpr_session_max_duration_min'.
2021-11-10 18:56:52.339 12401-28333/com.logtool.dev W/FirebaseRemoteConfig: No value of type 'FirebaseRemoteConfigValue' exists for parameter key 'fpr_session_max_duration_min'.
2021-11-10 18:56:52.360 12401-12401/com.logtool.dev I/LiveChannelAdapter: onBindViewHolder:21
2021-11-10 18:56:52.361 12401-12401/com.logtool.dev I/LiveChannelAdapter: onBindViewHolder:22
2021-11-10 18:56:52.362 12401-12401/com.logtool.dev I/LiveChannelAdapter: onBindViewHolder:23
2021-11-10 18:56:52.364 12401-12401/com.logtool.dev I/LiveChannelAdapter: onBindViewHolder:24
2021-11-10 18:56:52.366 12401-12401/com.logtool.dev I/LiveChannelProgramAdapter: onBindViewHolder:0 payloads:[]
2021-11-10 18:56:52.366 12401-12401/com.logtool.dev I/LiveChannelProgramAdapter: onBindViewHolder:0
2021-11-10 18:56:52.376 12401-12401/com.logtool.dev I/LiveChannelAdapter: onBindViewHolder:13
2021-11-10 18:56:52.378 12401-28344/com.logtool.dev W/FirebaseRemoteConfig: No value of type 'FirebaseRemoteConfigValue' exists for parameter key 'fpr_session_max_duration_min'.
2021-11-10 18:56:52.379 12401-28291/com.logtool.dev I/FirebasePerformance: Did not receive a HTTP Response Code
2021-11-10 18:56:52.379 12401-28291/com.logtool.dev W/FirebasePerformance: Unable to process the PerfMetric due to missing or invalid values. See earlier log statements for additional information on the specific missing/invalid values.
2021-11-10 18:56:52.386 12401-12401/com.logtool.dev I/ViewRootImpl@98637c9[MainActivity]: ViewPostIme pointer 1
2021-11-10 18:56:52.393 12401-12401/com.logtool.dev I/LiveChannelAdapter: onBindViewHolder:12
2021-11-10 18:56:52.395 12401-28341/com.logtool.dev W/FirebaseRemoteConfig: No value of type 'FirebaseRemoteConfigValue' exists for parameter key 'fpr_session_max_duration_min'.
2021-11-10 18:56:52.396 12401-28291/com.logtool.dev I/FirebasePerformance: Did not receive a HTTP Response Code
2021-11-10 18:56:52.396 12401-28291/com.logtool.dev W/FirebasePerformance: Unable to process the PerfMetric due to missing or invalid values. See earlier log statements for additional information on the specific missing/invalid values.
2021-11-10 18:56:52.429 12401-12401/com.logtool.dev I/LiveChannelAdapter: onBindViewHolder:11
2021-11-10 18:56:52.432 12401-28344/com.logtool.dev W/FirebaseRemoteConfig: No value of type 'FirebaseRemoteConfigValue' exists for parameter key 'fpr_session_max_duration_min'.
2021-11-10 18:56:52.433 12401-28291/com.logtool.dev I/FirebasePerformance: Did not receive a HTTP Response Code
2021-11-10 18:56:52.433 12401-28291/com.logtool.dev W/FirebasePerformance: Unable to process the PerfMetric due to missing or invalid values. See earlier log statements for additional information on the specific missing/invalid values.
2021-11-10 18:56:52.442 12401-12401/com.logtool.dev I/LiveChannelProgramAdapter: onBindViewHolder:0 payloads:[]
2021-11-10 18:56:52.442 12401-12401/com.logtool.dev I/LiveChannelProgramAdapter: onBindViewHolder:0
2021-11-10 18:56:52.443 12401-12401/com.logtool.dev I/LiveChannelProgramAdapter: onBindViewHolder:1 payloads:[]
2021-11-10 18:56:52.443 12401-12401/com.logtool.dev I/LiveChannelProgramAdapter: onBindViewHolder:1
2021-11-10 18:56:52.446 12401-12401/com.logtool.dev I/LiveChannelAdapter: onBindViewHolder:10
2021-11-10 18:56:52.448 12401-28335/com.logtool.dev W/FirebaseRemoteConfig: No value of type 'FirebaseRemoteConfigValue' exists for parameter key 'fpr_session_max_duration_min'.
2021-11-10 18:56:52.449 12401-28291/com.logtool.dev I/FirebasePerformance: Did not receive a HTTP Response Code
2021-11-10 18:56:52.449 12401-28291/com.logtool.dev W/FirebasePerformance: Unable to process the PerfMetric due to missing or invalid values. See earlier log statements for additional information on the specific missing/invalid values.
2021-11-10 18:56:52.460 12401-12401/com.logtool.dev I/LiveChannelAdapter: onBindViewHolder:9
2021-11-10 18:56:52.462 12401-28333/com.logtool.dev W/FirebaseRemoteConfig: No value of type 'FirebaseRemoteConfigValue' exists for parameter key 'fpr_session_max_duration_min'.
2021-11-10 18:56:52.464 12401-28291/com.logtool.dev I/FirebasePerformance: Did not receive a HTTP Response Code
2021-11-10 18:56:52.464 12401-28291/com.logtool.dev W/FirebasePerformance: Unable to process the PerfMetric due to missing or invalid values. See earlier log statements for additional information on the specific missing/invalid values.
2021-11-10 18:56:52.485 12401-12401/com.logtool.dev I/LiveChannelAdapter: onBindViewHolder:8
2021-11-10 18:56:52.502 12401-12401/com.logtool.dev I/LiveChannelAdapter: onBindViewHolder:7
2021-11-10 18:56:52.522 12401-28342/com.logtool.dev W/FirebaseRemoteConfig: No value of type 'FirebaseRemoteConfigValue' exists for parameter key 'fpr_session_max_duration_min'.
2021-11-10 18:56:52.527 12401-12401/com.logtool.dev I/LiveChannelAdapter: onBindViewHolder:6
2021-11-10 18:56:52.543 12401-12401/com.logtool.dev I/LiveChannelProgramAdapter: onBindViewHolder:0 payloads:[]
2021-11-10 18:56:52.543 12401-12401/com.logtool.dev I/LiveChannelProgramAdapter: onBindViewHolder:0
2021-11-10 18:56:52.543 12401-12401/com.logtool.dev I/LiveChannelProgramAdapter: onBindViewHolder:1 payloads:[]
2021-11-10 18:56:52.543 12401-12401/com.logtool.dev I/LiveChannelProgramAdapter: onBindViewHolder:1
2021-11-10 18:56:52.546 12401-12401/com.logtool.dev I/LiveChannelAdapter: onBindViewHolder:5
2021-11-10 18:56:52.554 12401-12401/com.logtool.dev I/ViewRootImpl@98637c9[MainActivity]: ViewPostIme pointer 0
2021-11-10 18:56:52.627 12401-12401/com.logtool.dev I/LiveChannelAdapter: onBindViewHolder:13
2021-11-10 18:56:52.653 12401-12401/com.logtool.dev I/LiveChannelAdapter: onBindViewHolder:14
2021-11-10 18:56:52.662 12401-12401/com.logtool.dev I/ViewRootImpl@98637c9[MainActivity]: ViewPostIme pointer 1
2021-11-10 18:56:52.677 12401-12401/com.logtool.dev I/LiveChannelAdapter: onBindViewHolder:15
2021-11-10 18:56:52.690 12401-28343/com.logtool.dev W/FirebaseRemoteConfig: No value of type 'FirebaseRemoteConfigValue' exists for parameter key 'fpr_session_max_duration_min'.
2021-11-10 18:56:52.701 12401-12401/com.logtool.dev I/LiveChannelProgramAdapter: onBindViewHolder:0 payloads:[]
2021-11-10 18:56:52.701 12401-12401/com.logtool.dev I/LiveChannelProgramAdapter: onBindViewHolder:0
2021-11-10 18:56:52.702 12401-12401/com.logtool.dev I/LiveChannelProgramAdapter: onBindViewHolder:1 payloads:[]
2021-11-10 18:56:52.702 12401-12401/com.logtool.dev I/LiveChannelProgramAdapter: onBindViewHolder:1
2021-11-10 18:56:52.704 12401-12401/com.logtool.dev I/LiveChannelAdapter: onBindViewHolder:16
