2021-11-10 18:56:56.860 12401-12401/com.logtool.dev I/LiveChannelProgramAdapter: onBindViewHolder:7 payloads:[]
2021-11-10 18:56:56.860 12401-12401/com.logtool.dev I/LiveChannelProgramAdapter: onBindViewHolder:7
2021-11-10 18:56:56.864 12401-12401/com.logtool.dev I/LiveChannelAdapter: onBindViewHolder:3
2021-11-10 18:56:56.878 12401-12401/com.logtool.dev I/LiveChannelAdapter: onBindViewHolder:2
2021-11-10 18:56:56.895 12401-12401/com.logtool.dev I/LiveChannelAdapter: onBindViewHolder:1
2021-11-10 18:56:56.911 12401-12401/com.logtool.dev I/LiveChannelAdapter: onBindViewHolder:0
2021-11-10 18:56:56.919 12401-28294/com.logtool.dev W/FirebaseRemoteConfig: No value of type 'FirebaseRemoteConfigValue' exists for parameter key 'fpr_session_max_duration_min'.
2021-11-10 18:56:56.921 12401-13096/com.logtool.dev E/DialDeviceFinder: receiveSearchResponse socket:java.net.DatagramSocket@ed4765f, exception:java.net.SocketTimeoutException: Poll timed out
2021-11-10 18:56:56.981 12401-12401/com.logtool.dev I/ViewRootImpl@98637c9[MainActivity]: ViewPostIme pointer 0
2021-11-10 18:56:57.044 12401-12401/com.logtool.dev I/LiveChannelProgramAdapter: onBindViewHolder:0 payloads:[UPDATE_LIVE_CHANNEL_PROGRESS]
2021-11-10 18:56:57.046 12401-12401/com.logtool.dev I/LiveChannelAdapter: onBindViewHolder:7
2021-11-10 18:56:57.079 12401-12401/com.logtool.dev I/LiveChannelAdapter: onBindViewHolder:8
2021-11-10 18:56:57.080 12401-12401/com.logtool.dev I/ViewRootImpl@98637c9[MainActivity]: ViewPostIme pointer 1
2021-11-10 18:56:57.103 12401-12401/com.logtool.dev I/LiveChannelAdapter: onBindViewHolder:9
2021-11-10 18:56:57.129 12401-12401/com.logtool.dev I/LiveChannelAdapter: onBindViewHolder:10
2021-11-10 18:56:57.143 12401-28343/com.logtool.dev W/FirebaseRemoteConfig: No value of type 'FirebaseRemoteConfigValue' exists for parameter key 'fpr_session_max_duration_min'.
2021-11-10 18:56:57.154 12401-12401/com.logtool.dev W/Glide: Load failed for http://images.adrise.tv/llDnUl7k2SwDRngsraPT5P3SE2I=/180x180/smart/img.adrise.tv/fubo_300x300.png with size [115x114]
    class com.bumptech.glide.load.engine.GlideException: Failed to load resource
    There was 1 root cause:
    com.bumptech.glide.load.HttpException(Not Found, status code: 404)
     call GlideException#logRootCauses(String) for more detail
      Cause (1 of 1): class com.bumptech.glide.load.engine.GlideException: Fetching data failed, class java.io.InputStream, REMOTE
    There was 1 root cause:
    com.bumptech.glide.load.HttpException(Not Found, status code: 404)
     call GlideException#logRootCauses(String) for more detail
        Cause (1 of 1): class com.bumptech.glide.load.HttpException: Not Found, status code: 404
2021-11-10 18:56:57.154 12401-12401/com.logtool.dev I/Glide: Root cause (1 of 1)
    com.bumptech.glide.load.HttpException: Not Found, status code: 404
        at com.bumptech.glide.integration.okhttp3.OkHttpStreamFetcher.onResponse(OkHttpStreamFetcher.java:71)
        at com.google.firebase.perf.network.zzh.onResponse(com.google.firebase:firebase-perf@@19.0.7:22)
        at okhttp3.internal.connection.RealCall$AsyncCall.run(RealCall.kt:504)
        at java.util.concurrent.ThreadPoolExecutor.runWorker(ThreadPoolExecutor.java:1167)
        at java.util.concurrent.ThreadPoolExecutor$Worker.run(ThreadPoolExecutor.java:641)
        at java.lang.Thread.run(Thread.java:923)
2021-11-10 18:56:57.155 12401-12401/com.logtool.dev I/LiveChannelAdapter: onBindViewHolder:11
2021-11-10 18:56:57.177 12401-12401/com.logtool.dev I/LiveChannelProgramAdapter: onBindViewHolder:0 payloads:[]
2021-11-10 18:56:57.178 12401-12401/com.logtool.dev I/LiveChannelProgramAdapter: onBindViewHolder:0
2021-11-10 18:56:57.178 12401-12401/com.logtool.dev I/LiveChannelProgramAdapter: onBindViewHolder:1 payloads:[]
2021-11-10 18:56:57.178 12401-12401/com.logtool.dev I/LiveChannelProgramAdapter: onBindViewHolder:1
2021-11-10 18:56:57.180 12401-12401/com.logtool.dev I/LiveChannelAdapter: onBindViewHolder:12
2021-11-10 18:56:57.204 12401-12401/com.logtool.dev I/LiveChannelAdapter: onBindViewHolder:13
2021-11-10 18:56:57.229 12401-12401/com.logtool.dev I/LiveChannelAdapter: onBindViewHolder:14
2021-11-10 18:56:57.254 12401-12401/com.logtool.dev I/LiveChannelAdapter: onBindViewHolder:15
2021-11-10 18:56:57.273 12401-12401/com.logtool.dev I/ViewRootImpl@98637c9[MainActivity]: ViewPostIme pointer 0
2021-11-10 18:56:57.339 12401-28483/com.logtool.dev W/FirebaseRemoteConfig: No value of type 'FirebaseRemoteConfigValue' exists for parameter key 'fpr_session_max_duration_min'.
2021-11-10 18:56:57.354 12401-12401/com.logtool.dev I/LiveChannelAdapter: onBindViewHolder:7
2021-11-10 18:56:57.381 12401-12401/com.logtool.dev I/ViewRootImpl@98637c9[MainActivity]: ViewPostIme pointer 1
2021-11-10 18:56:57.381 12401-12401/com.logtool.dev I/LiveChannelAdapter: onBindViewHolder:6
2021-11-10 18:56:57.403 12401-12401/com.logtool.dev I/LiveChannelProgramAdapter: onBindViewHolder:0 payloads:[]
2021-11-10 18:56:57.403 12401-12401/com.logtool.dev I/LiveChannelProgramAdapter: onBindViewHolder:0
2021-11-10 18:56:57.404 12401-12401/com.logtool.dev I/LiveChannelProgramAdapter: onBindViewHolder:1 payloads:[]
2021-11-10 18:56:57.404 12401-12401/com.logtool.dev I/LiveChannelProgramAdapter: onBindViewHolder:1
2021-11-10 18:56:57.405 12401-12401/com.logtool.dev I/LiveChannelAdapter: onBindViewHolder:5
2021-11-10 18:56:57.419 12401-12401/com.logtool.dev I/LiveChannelProgramAdapter: onBindViewHolder:0 payloads:[]
2021-11-10 18:56:57.419 12401-12401/com.logtool.dev I/LiveChannelProgramAdapter: onBindViewHolder:0
2021-11-10 18:56:57.420 12401-12401/com.logtool.dev I/LiveChannelProgramAdapter: onBindViewHolder:1 payloads:[]
2021-11-10 18:56:57.420 12401-12401/com.logtool.dev I/LiveChannelProgramAdapter: onBindViewHolder:1
2021-11-10 18:56:57.422 12401-12401/com.logtool.dev I/LiveChannelAdapter: onBindViewHolder:4
2021-11-10 18:56:57.444 12401-12401/com.logtool.dev I/LiveChannelProgramAdapter: onBindViewHolder:7 payloads:[]
2021-11-10 18:56:57.444 12401-12401/com.logtool.dev I/LiveChannelProgramAdapter: onBindViewHolder:7
2021-11-10 18:56:57.447 12401-12401/com.logtool.dev I/LiveChannelAdapter: onBindViewHolder:3
2021-11-10 18:56:57.462 12401-12401/com.logtool.dev I/LiveChannelAdapter: onBindViewHolder:2
2021-11-10 18:56:57.479 12401-12401/com.logtool.dev I/LiveChannelAdapter: onBindViewHolder:1
2021-11-10 18:56:57.486 12401-28288/com.logtool.dev W/AudioTrack: getTimestamp_l(585): retrograde timestamp time corrected, 474936548837314 < 474936555484241
2021-11-10 18:56:57.496 12401-12401/com.logtool.dev I/LiveChannelAdapter: onBindViewHolder:0
2021-11-10 18:56:57.541 12401-12401/com.logtool.dev I/ViewRootImpl@98637c9[MainActivity]: ViewPostIme pointer 0
2021-11-10 18:56:57.614 12401-28343/com.logtool.dev W/FirebaseRemoteConfig: No value of type 'FirebaseRemoteConfigValue' exists for parameter key 'fpr_session_max_duration_min'.
2021-11-10 18:56:57.622 12401-12401/com.logtool.dev W/Glide: Load failed for http://images.adrise.tv/llDnUl7k2SwDRngsraPT5P3SE2I=/180x180/smart/img.adrise.tv/fubo_300x300.png with size [115x114]
    class com.bumptech.glide.load.engine.GlideException: Failed to load resource
    There was 1 root cause:
    com.bumptech.glide.load.HttpException(Not Found, status code: 404)
     call GlideException#logRootCauses(String) for more detail
      Cause (1 of 1): class com.bumptech.glide.load.engine.GlideException: Fetching data failed, class java.io.InputStream, REMOTE
    There was 1 root cause:
    com.bumptech.glide.load.HttpException(Not Found, status code: 404)
     call GlideException#logRootCauses(String) for more detail
        Cause (1 of 1): class com.bumptech.glide.load.HttpException: Not Found, status code: 404
2021-11-10 18:56:57.622 12401-12401/com.logtool.dev I/Glide: Root cause (1 of 1)
    com.bumptech.glide.load.HttpException: Not Found, status code: 404
        at com.bumptech.glide.integration.okhttp3.OkHttpStreamFetcher.onResponse(OkHttpStreamFetcher.java:71)
        at com.google.firebase.perf.network.zzh.onResponse(com.google.firebase:firebase-perf@@19.0.7:22)
        at okhttp3.internal.connection.RealCall$AsyncCall.run(RealCall.kt:504)
        at java.util.concurrent.ThreadPoolExecutor.runWorker(ThreadPoolExecutor.java:1167)
        at java.util.concurrent.ThreadPoolExecutor$Worker.run(ThreadPoolExecutor.java:641)
        at java.lang.Thread.run(Thread.java:923)
2021-11-10 18:56:57.622 12401-12401/com.logtool.dev I/LiveChannelAdapter: onBindViewHolder:7
2021-11-10 18:56:57.638 12401-12401/com.logtool.dev I/LiveChannelAdapter: onBindViewHolder:8
2021-11-10 18:56:57.639 12401-12401/com.logtool.dev I/ViewRootImpl@98637c9[MainActivity]: ViewPostIme pointer 1
2021-11-10 18:56:57.671 12401-12401/com.logtool.dev I/LiveChannelAdapter: onBindViewHolder:9
2021-11-10 18:56:57.691 12401-12401/com.logtool.dev I/LiveChannelAdapter: onBindViewHolder:10
2021-11-10 18:56:57.695 12401-13095/com.logtool.dev W/FirebaseRemoteConfig: No value of type 'FirebaseRemoteConfigValue' exists for parameter key 'fpr_session_max_duration_min'.
2021-11-10 18:56:57.706 12401-12401/com.logtool.dev I/LiveChannelAdapter: onBindViewHolder:11
2021-11-10 18:56:57.720 12401-12401/com.logtool.dev I/LiveChannelProgramAdapter: onBindViewHolder:0 payloads:[]
2021-11-10 18:56:57.720 12401-12401/com.logtool.dev I/LiveChannelProgramAdapter: onBindViewHolder:0
2021-11-10 18:56:57.721 12401-12401/com.logtool.dev I/LiveChannelProgramAdapter: onBindViewHolder:1 payloads:[]
2021-11-10 18:56:57.721 12401-12401/com.logtool.dev I/LiveChannelProgramAdapter: onBindViewHolder:1
2021-11-10 18:56:57.723 12401-12401/com.logtool.dev I/LiveChannelAdapter: onBindViewHolder:12
2021-11-10 18:56:57.738 12401-12401/com.logtool.dev I/LiveChannelAdapter: onBindViewHolder:13
2021-11-10 18:56:57.755 12401-12401/com.logtool.dev I/LiveChannelAdapter: onBindViewHolder:14
2021-11-10 18:56:57.779 12401-12401/com.logtool.dev I/LiveChannelAdapter: onBindViewHolder:15
2021-11-10 18:56:57.795 12401-12401/com.logtool.dev I/LiveChannelProgramAdapter: onBindViewHolder:0 payloads:[]
2021-11-10 18:56:57.795 12401-12401/com.logtool.dev I/LiveChannelProgramAdapter: onBindViewHolder:0
2021-11-10 18:56:57.796 12401-12401/com.logtool.dev I/LiveChannelProgramAdapter: onBindViewHolder:1 payloads:[]
2021-11-10 18:56:57.796 12401-12401/com.logtool.dev I/LiveChannelProgramAdapter: onBindViewHolder:1
2021-11-10 18:56:57.797 12401-28351/com.logtool.dev W/FirebaseRemoteConfig: No value of type 'FirebaseRemoteConfigValue' exists for parameter key 'fpr_session_max_duration_min'.
2021-11-10 18:56:57.797 12401-28351/com.logtool.dev I/Adjust: Attribution found
2021-11-10 18:56:57.798 12401-12401/com.logtool.dev I/LiveChannelAdapter: onBindViewHolder:16
2021-11-10 18:56:57.809 12401-12401/com.logtool.dev I/ViewRootImpl@98637c9[MainActivity]: ViewPostIme pointer 0
2021-11-10 18:56:57.825 12401-28483/com.logtool.dev W/FirebaseRemoteConfig: No value of type 'FirebaseRemoteConfigValue' exists for parameter key 'fpr_session_max_duration_min'.
2021-11-10 18:56:57.860 12401-28422/com.logtool.dev W/FirebaseRemoteConfig: No value of type 'FirebaseRemoteConfigValue' exists for parameter key 'fpr_session_max_duration_min'.
2021-11-10 18:56:57.888 12401-12401/com.logtool.dev I/LiveChannelAdapter: onBindViewHolder:8
2021-11-10 18:56:57.913 12401-12401/com.logtool.dev I/LiveChannelAdapter: onBindViewHolder:7
2021-11-10 18:56:57.932 12401-12401/com.logtool.dev I/ViewRootImpl@98637c9[MainActivity]: ViewPostIme pointer 1
2021-11-10 18:56:57.938 12401-12401/com.logtool.dev I/LiveChannelAdapter: onBindViewHolder:6
2021-11-10 18:56:57.962 12401-12401/com.logtool.dev I/LiveChannelProgramAdapter: onBindViewHolder:0 payloads:[]
2021-11-10 18:56:57.962 12401-12401/com.logtool.dev I/LiveChannelProgramAdapter: onBindViewHolder:0
2021-11-10 18:56:57.963 12401-12401/com.logtool.dev I/LiveChannelProgramAdapter: onBindViewHolder:1 payloads:[]
2021-11-10 18:56:57.963 12401-12401/com.logtool.dev I/LiveChannelProgramAdapter: onBindViewHolder:1
2021-11-10 18:56:57.964 12401-12401/com.logtool.dev I/LiveChannelAdapter: onBindViewHolder:5
2021-11-10 18:56:57.979 12401-12401/com.logtool.dev I/LiveChannelProgramAdapter: onBindViewHolder:0 payloads:[]
2021-11-10 18:56:57.979 12401-12401/com.logtool.dev I/LiveChannelProgramAdapter: onBindViewHolder:0
2021-11-10 18:56:57.979 12401-12401/com.logtool.dev I/LiveChannelProgramAdapter: onBindViewHolder:1 payloads:[]
2021-11-10 18:56:57.979 12401-12401/com.logtool.dev I/LiveChannelProgramAdapter: onBindViewHolder:1
2021-11-10 18:56:57.983 12401-12401/com.logtool.dev I/LiveChannelAdapter: onBindViewHolder:4
2021-11-10 18:56:58.004 12401-12401/com.logtool.dev I/LiveChannelProgramAdapter: onBindViewHolder:7 payloads:[]
2021-11-10 18:56:58.004 12401-12401/com.logtool.dev I/LiveChannelProgramAdapter: onBindViewHolder:7
2021-11-10 18:56:58.007 12401-12401/com.logtool.dev I/LiveChannelAdapter: onBindViewHolder:3
2021-11-10 18:56:58.022 12401-12401/com.logtool.dev I/LiveChannelAdapter: onBindViewHolder:2
2021-11-10 18:56:58.038 12401-12401/com.logtool.dev I/LiveChannelAdapter: onBindViewHolder:1
2021-11-10 18:56:58.045 12401-12401/com.logtool.dev I/LiveChannelProgramAdapter: onBindViewHolder:0 payloads:[UPDATE_LIVE_CHANNEL_PROGRESS]
2021-11-10 18:56:58.046 12401-12401/com.logtool.dev I/LiveChannelProgramAdapter: onBindViewHolder:2 payloads:[]
2021-11-10 18:56:58.046 12401-12401/com.logtool.dev I/LiveChannelProgramAdapter: onBindViewHolder:2
2021-11-10 18:56:58.047 12401-12401/com.logtool.dev I/LiveChannelProgramAdapter: onBindViewHolder:0 payloads:[UPDATE_LIVE_CHANNEL_PROGRESS]
2021-11-10 18:56:58.064 12401-12401/com.logtool.dev I/LiveChannelAdapter: onBindViewHolder:0
2021-11-10 18:56:58.066 12401-12401/com.logtool.dev I/ViewRootImpl@98637c9[MainActivity]: ViewPostIme pointer 0
2021-11-10 18:56:58.140 12401-12401/com.logtool.dev I/LiveChannelAdapter: onBindViewHolder:8
2021-11-10 18:56:58.155 12401-12401/com.logtool.dev I/LiveChannelAdapter: onBindViewHolder:9
2021-11-10 18:56:58.174 12401-12401/com.logtool.dev I/ViewRootImpl@98637c9[MainActivity]: ViewPostIme pointer 1
2021-11-10 18:56:58.174 12401-12401/com.logtool.dev I/LiveChannelAdapter: onBindViewHolder:10
2021-11-10 18:56:58.188 12401-12401/com.logtool.dev I/LiveChannelAdapter: onBindViewHolder:11
2021-11-10 18:56:58.213 12401-12401/com.logtool.dev I/LiveChannelProgramAdapter: onBindViewHolder:0 payloads:[]
2021-11-10 18:56:58.213 12401-12401/com.logtool.dev I/LiveChannelProgramAdapter: onBindViewHolder:0
2021-11-10 18:56:58.214 12401-12401/com.logtool.dev I/LiveChannelProgramAdapter: onBindViewHolder:1 payloads:[]
2021-11-10 18:56:58.214 12401-12401/com.logtool.dev I/LiveChannelProgramAdapter: onBindViewHolder:1
2021-11-10 18:56:58.216 12401-12401/com.logtool.dev I/LiveChannelAdapter: onBindViewHolder:12
2021-11-10 18:56:58.222 12401-12401/com.logtool.dev I/LiveChannelAdapter: onBindViewHolder:13
2021-11-10 18:56:58.239 12401-12401/com.logtool.dev I/LiveChannelAdapter: onBindViewHolder:14
2021-11-10 18:56:58.255 12401-12401/com.logtool.dev I/LiveChannelAdapter: onBindViewHolder:15
2021-11-10 18:56:58.271 12401-12401/com.logtool.dev I/LiveChannelProgramAdapter: onBindViewHolder:0 payloads:[]
2021-11-10 18:56:58.271 12401-12401/com.logtool.dev I/LiveChannelProgramAdapter: onBindViewHolder:0
2021-11-10 18:56:58.272 12401-12401/com.logtool.dev I/LiveChannelProgramAdapter: onBindViewHolder:1 payloads:[]
2021-11-10 18:56:58.272 12401-12401/com.logtool.dev I/LiveChannelProgramAdapter: onBindViewHolder:1
2021-11-10 18:56:58.274 12401-12401/com.logtool.dev I/LiveChannelAdapter: onBindViewHolder:16
2021-11-10 18:56:58.277 12401-28343/com.logtool.dev W/FirebaseRemoteConfig: No value of type 'FirebaseRemoteConfigValue' exists for parameter key 'fpr_session_max_duration_min'.
2021-11-10 18:56:58.278 12401-28291/com.logtool.dev I/FirebasePerformance: Did not receive a HTTP Response Code
2021-11-10 18:56:58.278 12401-28291/com.logtool.dev W/FirebasePerformance: Unable to process the PerfMetric due to missing or invalid values. See earlier log statements for additional information on the specific missing/invalid values.
2021-11-10 18:56:58.279 12401-12401/com.logtool.dev I/LiveChannelProgramAdapter: onBindViewHolder:0 payloads:[]
2021-11-10 18:56:58.279 12401-12401/com.logtool.dev I/LiveChannelProgramAdapter: onBindViewHolder:0
2021-11-10 18:56:58.280 12401-12401/com.logtool.dev I/LiveChannelProgramAdapter: onBindViewHolder:1 payloads:[]
2021-11-10 18:56:58.280 12401-12401/com.logtool.dev I/LiveChannelProgramAdapter: onBindViewHolder:1
2021-11-10 18:56:58.282 12401-12401/com.logtool.dev I/LiveChannelAdapter: onBindViewHolder:17
2021-11-10 18:56:58.297 12401-12401/com.logtool.dev I/LiveChannelAdapter: onBindViewHolder:18
2021-11-10 18:56:58.313 12401-12401/com.logtool.dev I/LiveChannelProgramAdapter: onBindViewHolder:0 payloads:[]
2021-11-10 18:56:58.313 12401-12401/com.logtool.dev I/LiveChannelProgramAdapter: onBindViewHolder:0
2021-11-10 18:56:58.313 12401-12401/com.logtool.dev I/LiveChannelProgramAdapter: onBindViewHolder:1 payloads:[]
2021-11-10 18:56:58.313 12401-12401/com.logtool.dev I/LiveChannelProgramAdapter: onBindViewHolder:1
2021-11-10 18:56:58.315 12401-12401/com.logtool.dev I/LiveChannelAdapter: onBindViewHolder:19
2021-11-10 18:56:58.316 12401-12401/com.logtool.dev I/ViewRootImpl@98637c9[MainActivity]: ViewPostIme pointer 0
2021-11-10 18:56:58.399 12401-12401/com.logtool.dev I/LiveChannelAdapter: onBindViewHolder:11
2021-11-10 18:56:58.421 12401-12401/com.logtool.dev I/LiveChannelProgramAdapter: onBindViewHolder:0 payloads:[]
2021-11-10 18:56:58.421 12401-12401/com.logtool.dev I/LiveChannelProgramAdapter: onBindViewHolder:0
2021-11-10 18:56:58.422 12401-12401/com.logtool.dev I/LiveChannelProgramAdapter: onBindViewHolder:1 payloads:[]
2021-11-10 18:56:58.422 12401-12401/com.logtool.dev I/LiveChannelProgramAdapter: onBindViewHolder:1
2021-11-10 18:56:58.425 12401-12401/com.logtool.dev I/LiveChannelAdapter: onBindViewHolder:10
2021-11-10 18:56:58.447 12401-12401/com.logtool.dev I/LiveChannelAdapter: onBindViewHolder:9
2021-11-10 18:56:58.474 12401-12401/com.logtool.dev I/ViewRootImpl@98637c9[MainActivity]: ViewPostIme pointer 1
2021-11-10 18:56:58.497 12401-12401/com.logtool.dev I/LiveChannelAdapter: onBindViewHolder:8
2021-11-10 18:56:58.539 12401-12401/com.logtool.dev I/LiveChannelAdapter: onBindViewHolder:7
2021-11-10 18:56:58.589 12401-12401/com.logtool.dev I/LiveChannelAdapter: onBindViewHolder:6
2021-11-10 18:56:58.617 12401-12401/com.logtool.dev I/ViewRootImpl@98637c9[MainActivity]: ViewPostIme pointer 0
2021-11-10 18:56:58.681 12401-12401/com.logtool.dev I/LiveChannelAdapter: onBindViewHolder:14
2021-11-10 18:56:58.698 12401-12401/com.logtool.dev I/LiveChannelAdapter: onBindViewHolder:15
2021-11-10 18:56:58.722 12401-12401/com.logtool.dev I/LiveChannelProgramAdapter: onBindViewHolder:0 payloads:[]
2021-11-10 18:56:58.722 12401-12401/com.logtool.dev I/LiveChannelProgramAdapter: onBindViewHolder:0
2021-11-10 18:56:58.723 12401-12401/com.logtool.dev I/LiveChannelProgramAdapter: onBindViewHolder:1 payloads:[]
2021-11-10 18:56:58.723 12401-12401/com.logtool.dev I/LiveChannelProgramAdapter: onBindViewHolder:1
2021-11-10 18:56:58.726 12401-12401/com.logtool.dev I/ViewRootImpl@98637c9[MainActivity]: ViewPostIme pointer 1
2021-11-10 18:56:58.726 12401-12401/com.logtool.dev I/LiveChannelAdapter: onBindViewHolder:16
2021-11-10 18:56:58.755 12401-12401/com.logtool.dev I/LiveChannelProgramAdapter: onBindViewHolder:0 payloads:[]
2021-11-10 18:56:58.755 12401-12401/com.logtool.dev I/LiveChannelProgramAdapter: onBindViewHolder:0
2021-11-10 18:56:58.756 12401-12401/com.logtool.dev I/LiveChannelProgramAdapter: onBindViewHolder:1 payloads:[]
2021-11-10 18:56:58.756 12401-12401/com.logtool.dev I/LiveChannelProgramAdapter: onBindViewHolder:1
2021-11-10 18:56:58.757 12401-12401/com.logtool.dev I/LiveChannelAdapter: onBindViewHolder:17
2021-11-10 18:56:58.772 12401-28483/com.logtool.dev W/FirebaseRemoteConfig: No value of type 'FirebaseRemoteConfigValue' exists for parameter key 'fpr_session_max_duration_min'.
2021-11-10 18:56:58.782 12401-12401/com.logtool.dev I/LiveChannelAdapter: onBindViewHolder:18
2021-11-10 18:56:58.797 12401-12401/com.logtool.dev I/LiveChannelProgramAdapter: onBindViewHolder:0 payloads:[]
2021-11-10 18:56:58.797 12401-12401/com.logtool.dev I/LiveChannelProgramAdapter: onBindViewHolder:0
2021-11-10 18:56:58.797 12401-12401/com.logtool.dev I/LiveChannelProgramAdapter: onBindViewHolder:1 payloads:[]
2021-11-10 18:56:58.797 12401-12401/com.logtool.dev I/LiveChannelProgramAdapter: onBindViewHolder:1
2021-11-10 18:56:58.799 12401-12401/com.logtool.dev I/LiveChannelAdapter: onBindViewHolder:19
2021-11-10 18:56:58.823 12401-12401/com.logtool.dev I/LiveChannelAdapter: onBindViewHolder:20
2021-11-10 18:56:58.847 12401-12401/com.logtool.dev I/LiveChannelProgramAdapter: onBindViewHolder:0 payloads:[]
2021-11-10 18:56:58.847 12401-12401/com.logtool.dev I/LiveChannelProgramAdapter: onBindViewHolder:0
2021-11-10 18:56:58.848 12401-12401/com.logtool.dev I/LiveChannelProgramAdapter: onBindViewHolder:1 payloads:[]
2021-11-10 18:56:58.848 12401-12401/com.logtool.dev I/LiveChannelProgramAdapter: onBindViewHolder:1
2021-11-10 18:56:58.850 12401-12401/com.logtool.dev I/LiveChannelAdapter: onBindViewHolder:21
2021-11-10 18:56:58.865 12401-12401/com.logtool.dev I/LiveChannelAdapter: onBindViewHolder:22
2021-11-10 18:56:58.890 12401-12401/com.logtool.dev I/LiveChannelAdapter: onBindViewHolder:23
2021-11-10 18:56:58.911 12401-12401/com.logtool.dev I/ViewRootImpl@98637c9[MainActivity]: ViewPostIme pointer 0
2021-11-10 18:56:58.921 12401-28294/com.logtool.dev W/FirebaseRemoteConfig: No value of type 'FirebaseRemoteConfigValue' exists for parameter key 'fpr_session_max_duration_min'.
2021-11-10 18:56:58.998 12401-12401/com.logtool.dev I/LiveChannelAdapter: onBindViewHolder:15
2021-11-10 18:56:59.017 12401-12401/com.logtool.dev I/ViewRootImpl@98637c9[MainActivity]: ViewPostIme pointer 1
2021-11-10 18:56:59.030 12401-12401/com.logtool.dev I/LiveChannelProgramAdapter: onBindViewHolder:0 payloads:[]
2021-11-10 18:56:59.030 12401-12401/com.logtool.dev I/LiveChannelProgramAdapter: onBindViewHolder:0
2021-11-10 18:56:59.031 12401-12401/com.logtool.dev I/LiveChannelProgramAdapter: onBindViewHolder:1 payloads:[]
2021-11-10 18:56:59.031 12401-12401/com.logtool.dev I/LiveChannelProgramAdapter: onBindViewHolder:1
2021-11-10 18:56:59.033 12401-12401/com.logtool.dev I/LiveChannelAdapter: onBindViewHolder:14
2021-11-10 18:56:59.035 12401-28333/com.logtool.dev W/FirebaseRemoteConfig: No value of type 'FirebaseRemoteConfigValue' exists for parameter key 'fpr_session_max_duration_min'.
2021-11-10 18:56:59.036 12401-28291/com.logtool.dev I/FirebasePerformance: Did not receive a HTTP Response Code
2021-11-10 18:56:59.036 12401-28291/com.logtool.dev W/FirebasePerformance: Unable to process the PerfMetric due to missing or invalid values. See earlier log statements for additional information on the specific missing/invalid values.
2021-11-10 18:56:59.047 12401-12401/com.logtool.dev I/LiveChannelProgramAdapter: onBindViewHolder:2 payloads:[]
2021-11-10 18:56:59.047 12401-12401/com.logtool.dev I/LiveChannelProgramAdapter: onBindViewHolder:2
2021-11-10 18:56:59.047 12401-12401/com.logtool.dev I/LiveChannelProgramAdapter: onBindViewHolder:0 payloads:[UPDATE_LIVE_CHANNEL_PROGRESS]
2021-11-10 18:56:59.048 12401-12401/com.logtool.dev I/LiveChannelProgramAdapter: onBindViewHolder:2 payloads:[]
2021-11-10 18:56:59.048 12401-12401/com.logtool.dev I/LiveChannelProgramAdapter: onBindViewHolder:2
2021-11-10 18:56:59.048 12401-12401/com.logtool.dev I/LiveChannelProgramAdapter: onBindViewHolder:0 payloads:[UPDATE_LIVE_CHANNEL_PROGRESS]
2021-11-10 18:56:59.049 12401-12401/com.logtool.dev I/LiveChannelProgramAdapter: onBindViewHolder:2 payloads:[]
2021-11-10 18:56:59.049 12401-12401/com.logtool.dev I/LiveChannelProgramAdapter: onBindViewHolder:2
2021-11-10 18:56:59.049 12401-12401/com.logtool.dev I/LiveChannelProgramAdapter: onBindViewHolder:0 payloads:[UPDATE_LIVE_CHANNEL_PROGRESS]
2021-11-10 18:56:59.056 12401-12401/com.logtool.dev I/LiveChannelAdapter: onBindViewHolder:13
2021-11-10 18:56:59.064 12401-28291/com.logtool.dev I/FirebasePerformance: Did not receive a HTTP Response Code
2021-11-10 18:56:59.064 12401-28291/com.logtool.dev W/FirebasePerformance: Unable to process the PerfMetric due to missing or invalid values. See earlier log statements for additional information on the specific missing/invalid values.
2021-11-10 18:56:59.065 12401-28342/com.logtool.dev W/FirebaseRemoteConfig: No value of type 'FirebaseRemoteConfigValue' exists for parameter key 'fpr_session_max_duration_min'.
2021-11-10 18:56:59.082 12401-12401/com.logtool.dev I/LiveChannelAdapter: onBindViewHolder:12
2021-11-10 18:56:59.088 12401-28343/com.logtool.dev W/FirebaseRemoteConfig: No value of type 'FirebaseRemoteConfigValue' exists for parameter key 'fpr_session_max_duration_min'.
2021-11-10 18:56:59.094 12401-28291/com.logtool.dev I/FirebasePerformance: Did not receive a HTTP Response Code
2021-11-10 18:56:59.094 12401-28291/com.logtool.dev W/FirebasePerformance: Unable to process the PerfMetric due to missing or invalid values. See earlier log statements for additional information on the specific missing/invalid values.
2021-11-10 18:56:59.100 12401-12401/com.logtool.dev I/LiveChannelAdapter: onBindViewHolder:11
2021-11-10 18:56:59.122 12401-12401/com.logtool.dev I/LiveChannelProgramAdapter: onBindViewHolder:0 payloads:[]
2021-11-10 18:56:59.122 12401-12401/com.logtool.dev I/LiveChannelProgramAdapter: onBindViewHolder:0
2021-11-10 18:56:59.123 12401-12401/com.logtool.dev I/LiveChannelProgramAdapter: onBindViewHolder:1 payloads:[]
2021-11-10 18:56:59.123 12401-12401/com.logtool.dev I/LiveChannelProgramAdapter: onBindViewHolder:1
2021-11-10 18:56:59.125 12401-12401/com.logtool.dev I/LiveChannelAdapter: onBindViewHolder:10
2021-11-10 18:56:59.140 12401-12401/com.logtool.dev I/LiveChannelAdapter: onBindViewHolder:9
2021-11-10 18:56:59.165 12401-12401/com.logtool.dev I/LiveChannelAdapter: onBindViewHolder:8
2021-11-10 18:56:59.190 12401-12401/com.logtool.dev I/LiveChannelAdapter: onBindViewHolder:7
2021-11-10 18:56:59.193 12401-12401/com.logtool.dev I/ViewRootImpl@98637c9[MainActivity]: ViewPostIme pointer 0
2021-11-10 18:56:59.248 12401-12401/com.logtool.dev I/LiveChannelAdapter: onBindViewHolder:15
2021-11-10 18:56:59.273 12401-12401/com.logtool.dev I/LiveChannelProgramAdapter: onBindViewHolder:0 payloads:[]
2021-11-10 18:56:59.273 12401-12401/com.logtool.dev I/LiveChannelProgramAdapter: onBindViewHolder:0
2021-11-10 18:56:59.273 12401-12401/com.logtool.dev I/LiveChannelProgramAdapter: onBindViewHolder:1 payloads:[]
2021-11-10 18:56:59.273 12401-12401/com.logtool.dev I/LiveChannelProgramAdapter: onBindViewHolder:1
2021-11-10 18:56:59.276 12401-12401/com.logtool.dev I/LiveChannelAdapter: onBindViewHolder:16
2021-11-10 18:56:59.276 12401-28483/com.logtool.dev W/FirebaseRemoteConfig: No value of type 'FirebaseRemoteConfigValue' exists for parameter key 'fpr_session_max_duration_min'.
2021-11-10 18:56:59.289 12401-12401/com.logtool.dev I/LiveChannelProgramAdapter: onBindViewHolder:0 payloads:[]
2021-11-10 18:56:59.289 12401-12401/com.logtool.dev I/LiveChannelProgramAdapter: onBindViewHolder:0
2021-11-10 18:56:59.290 12401-12401/com.logtool.dev I/LiveChannelProgramAdapter: onBindViewHolder:1 payloads:[]
2021-11-10 18:56:59.290 12401-12401/com.logtool.dev I/LiveChannelProgramAdapter: onBindViewHolder:1
2021-11-10 18:56:59.292 12401-12401/com.logtool.dev I/LiveChannelAdapter: onBindViewHolder:17
2021-11-10 18:56:59.300 12401-12401/com.logtool.dev I/ViewRootImpl@98637c9[MainActivity]: ViewPostIme pointer 1
2021-11-10 18:56:59.315 12401-12401/com.logtool.dev I/LiveChannelAdapter: onBindViewHolder:18
2021-11-10 18:56:59.318 12401-28422/com.logtool.dev W/FirebaseRemoteConfig: No value of type 'FirebaseRemoteConfigValue' exists for parameter key 'fpr_session_max_duration_min'.
2021-11-10 18:56:59.339 12401-12401/com.logtool.dev I/LiveChannelProgramAdapter: onBindViewHolder:0 payloads:[]
2021-11-10 18:56:59.339 12401-12401/com.logtool.dev I/LiveChannelProgramAdapter: onBindViewHolder:0
2021-11-10 18:56:59.340 12401-12401/com.logtool.dev I/LiveChannelProgramAdapter: onBindViewHolder:1 payloads:[]
2021-11-10 18:56:59.340 12401-12401/com.logtool.dev I/LiveChannelProgramAdapter: onBindViewHolder:1
2021-11-10 18:56:59.341 12401-12401/com.logtool.dev I/LiveChannelAdapter: onBindViewHolder:19
2021-11-10 18:56:59.357 12401-12401/com.logtool.dev I/LiveChannelAdapter: onBindViewHolder:20
2021-11-10 18:56:59.373 12401-12401/com.logtool.dev I/LiveChannelProgramAdapter: onBindViewHolder:0 payloads:[]
2021-11-10 18:56:59.373 12401-12401/com.logtool.dev I/LiveChannelProgramAdapter: onBindViewHolder:0
2021-11-10 18:56:59.373 12401-12401/com.logtool.dev I/LiveChannelProgramAdapter: onBindViewHolder:1 payloads:[]
2021-11-10 18:56:59.373 12401-12401/com.logtool.dev I/LiveChannelProgramAdapter: onBindViewHolder:1
2021-11-10 18:56:59.376 12401-12401/com.logtool.dev I/LiveChannelAdapter: onBindViewHolder:21
2021-11-10 18:56:59.399 12401-12401/com.logtool.dev I/LiveChannelAdapter: onBindViewHolder:22
2021-11-10 18:56:59.416 12401-12401/com.logtool.dev I/LiveChannelAdapter: onBindViewHolder:23
2021-11-10 18:56:59.432 12401-12401/com.logtool.dev I/LiveChannelAdapter: onBindViewHolder:24
2021-11-10 18:56:59.435 12401-12401/com.logtool.dev I/ViewRootImpl@98637c9[MainActivity]: ViewPostIme pointer 0
2021-11-10 18:56:59.515 12401-12401/com.logtool.dev I/LiveChannelAdapter: onBindViewHolder:16
2021-11-10 18:56:59.548 12401-12401/com.logtool.dev I/LiveChannelProgramAdapter: onBindViewHolder:0 payloads:[]
2021-11-10 18:56:59.548 12401-12401/com.logtool.dev I/LiveChannelProgramAdapter: onBindViewHolder:0
2021-11-10 18:56:59.549 12401-12401/com.logtool.dev I/LiveChannelProgramAdapter: onBindViewHolder:1 payloads:[]
2021-11-10 18:56:59.549 12401-12401/com.logtool.dev I/LiveChannelProgramAdapter: onBindViewHolder:1
2021-11-10 18:56:59.551 12401-12401/com.logtool.dev I/LiveChannelAdapter: onBindViewHolder:15
2021-11-10 18:56:59.565 12401-28335/com.logtool.dev W/FirebaseRemoteConfig: No value of type 'FirebaseRemoteConfigValue' exists for parameter key 'fpr_session_max_duration_min'.
2021-11-10 18:56:59.566 12401-28291/com.logtool.dev I/FirebasePerformance: Did not receive a HTTP Response Code
2021-11-10 18:56:59.566 12401-28291/com.logtool.dev W/FirebasePerformance: Unable to process the PerfMetric due to missing or invalid values. See earlier log statements for additional information on the specific missing/invalid values.
2021-11-10 18:56:59.573 12401-12401/com.logtool.dev I/LiveChannelProgramAdapter: onBindViewHolder:0 payloads:[]
2021-11-10 18:56:59.573 12401-12401/com.logtool.dev I/LiveChannelProgramAdapter: onBindViewHolder:0
2021-11-10 18:56:59.574 12401-12401/com.logtool.dev I/LiveChannelProgramAdapter: onBindViewHolder:1 payloads:[]
2021-11-10 18:56:59.574 12401-12401/com.logtool.dev I/LiveChannelProgramAdapter: onBindViewHolder:1
2021-11-10 18:56:59.576 12401-12401/com.logtool.dev I/LiveChannelAdapter: onBindViewHolder:14
2021-11-10 18:56:59.580 12401-28333/com.logtool.dev W/FirebaseRemoteConfig: No value of type 'FirebaseRemoteConfigValue' exists for parameter key 'fpr_session_max_duration_min'.
2021-11-10 18:56:59.581 12401-28291/com.logtool.dev I/FirebasePerformance: Did not receive a HTTP Response Code
2021-11-10 18:56:59.581 12401-28291/com.logtool.dev W/FirebasePerformance: Unable to process the PerfMetric due to missing or invalid values. See earlier log statements for additional information on the specific missing/invalid values.
2021-11-10 18:56:59.584 12401-12401/com.logtool.dev I/ViewRootImpl@98637c9[MainActivity]: ViewPostIme pointer 1
2021-11-10 18:56:59.599 12401-12401/com.logtool.dev I/LiveChannelAdapter: onBindViewHolder:13
2021-11-10 18:56:59.601 12401-28342/com.logtool.dev W/FirebaseRemoteConfig: No value of type 'FirebaseRemoteConfigValue' exists for parameter key 'fpr_session_max_duration_min'.
2021-11-10 18:56:59.604 12401-28291/com.logtool.dev I/FirebasePerformance: Did not receive a HTTP Response Code
2021-11-10 18:56:59.604 12401-28291/com.logtool.dev W/FirebasePerformance: Unable to process the PerfMetric due to missing or invalid values. See earlier log statements for additional information on the specific missing/invalid values.
2021-11-10 18:56:59.633 12401-12401/com.logtool.dev I/LiveChannelAdapter: onBindViewHolder:12
2021-11-10 18:56:59.635 12401-28343/com.logtool.dev W/FirebaseRemoteConfig: No value of type 'FirebaseRemoteConfigValue' exists for parameter key 'fpr_session_max_duration_min'.
2021-11-10 18:56:59.636 12401-28291/com.logtool.dev I/FirebasePerformance: Did not receive a HTTP Response Code
2021-11-10 18:56:59.636 12401-28291/com.logtool.dev W/FirebasePerformance: Unable to process the PerfMetric due to missing or invalid values. See earlier log statements for additional information on the specific missing/invalid values.
2021-11-10 18:56:59.659 12401-12401/com.logtool.dev I/LiveChannelAdapter: onBindViewHolder:11
2021-11-10 18:56:59.682 12401-12401/com.logtool.dev I/LiveChannelProgramAdapter: onBindViewHolder:0 payloads:[]
2021-11-10 18:56:59.682 12401-12401/com.logtool.dev I/LiveChannelProgramAdapter: onBindViewHolder:0
2021-11-10 18:56:59.682 12401-12401/com.logtool.dev I/LiveChannelProgramAdapter: onBindViewHolder:1 payloads:[]
2021-11-10 18:56:59.682 12401-12401/com.logtool.dev I/LiveChannelProgramAdapter: onBindViewHolder:1
2021-11-10 18:56:59.684 12401-12401/com.logtool.dev I/LiveChannelAdapter: onBindViewHolder:10
2021-11-10 18:56:59.708 12401-12401/com.logtool.dev I/LiveChannelAdapter: onBindViewHolder:9
2021-11-10 18:56:59.728 12401-12401/com.logtool.dev I/ViewRootImpl@98637c9[MainActivity]: ViewPostIme pointer 0
2021-11-10 18:56:59.733 12401-12401/com.logtool.dev I/LiveChannelAdapter: onBindViewHolder:8
2021-11-10 18:56:59.758 12401-12401/com.logtool.dev I/LiveChannelAdapter: onBindViewHolder:7
2021-11-10 18:56:59.791 12401-12401/com.logtool.dev I/LiveChannelAdapter: onBindViewHolder:6
2021-11-10 18:56:59.824 12401-12401/com.logtool.dev I/LiveChannelProgramAdapter: onBindViewHolder:0 payloads:[]
2021-11-10 18:56:59.824 12401-12401/com.logtool.dev I/LiveChannelProgramAdapter: onBindViewHolder:0
2021-11-10 18:56:59.824 12401-12401/com.logtool.dev I/LiveChannelProgramAdapter: onBindViewHolder:1 payloads:[]
2021-11-10 18:56:59.824 12401-12401/com.logtool.dev I/LiveChannelProgramAdapter: onBindViewHolder:1
2021-11-10 18:56:59.826 12401-12401/com.logtool.dev I/LiveChannelAdapter: onBindViewHolder:5
2021-11-10 18:56:59.852 12401-12401/com.logtool.dev I/ViewRootImpl@98637c9[MainActivity]: ViewPostIme pointer 1
2021-11-10 18:56:59.857 12401-12401/com.logtool.dev I/LiveChannelProgramAdapter: onBindViewHolder:0 payloads:[]
2021-11-10 18:56:59.857 12401-12401/com.logtool.dev I/LiveChannelProgramAdapter: onBindViewHolder:0
2021-11-10 18:56:59.857 12401-12401/com.logtool.dev I/LiveChannelProgramAdapter: onBindViewHolder:1 payloads:[]
2021-11-10 18:56:59.858 12401-12401/com.logtool.dev I/LiveChannelProgramAdapter: onBindViewHolder:1
2021-11-10 18:56:59.861 12401-12401/com.logtool.dev I/LiveChannelAdapter: onBindViewHolder:4
2021-11-10 18:56:59.890 12401-12401/com.logtool.dev I/LiveChannelProgramAdapter: onBindViewHolder:7 payloads:[]
2021-11-10 18:56:59.890 12401-12401/com.logtool.dev I/LiveChannelProgramAdapter: onBindViewHolder:7
2021-11-10 18:56:59.895 12401-12401/com.logtool.dev I/LiveChannelAdapter: onBindViewHolder:3
2021-11-10 18:56:59.933 12401-12401/com.logtool.dev I/LiveChannelAdapter: onBindViewHolder:2
2021-11-10 18:56:59.975 12401-12401/com.logtool.dev I/LiveChannelAdapter: onBindViewHolder:1
2021-11-10 18:57:00.012 12401-12401/com.logtool.dev I/ViewRootImpl@98637c9[MainActivity]: ViewPostIme pointer 0
2021-11-10 18:57:00.049 12401-12401/com.logtool.dev I/LiveChannelProgramAdapter: onBindViewHolder:0 payloads:[UPDATE_LIVE_CHANNEL_PROGRESS]
2021-11-10 18:57:00.050 12401-12401/com.logtool.dev I/LiveChannelProgramAdapter: onBindViewHolder:2 payloads:[]
2021-11-10 18:57:00.050 12401-12401/com.logtool.dev I/LiveChannelProgramAdapter: onBindViewHolder:2
2021-11-10 18:57:00.050 12401-12401/com.logtool.dev I/LiveChannelProgramAdapter: onBindViewHolder:0 payloads:[UPDATE_LIVE_CHANNEL_PROGRESS]
2021-11-10 18:57:00.067 12401-12401/com.logtool.dev I/LiveChannelAdapter: onBindViewHolder:0
2021-11-10 18:57:00.145 12401-12401/com.logtool.dev I/ViewRootImpl@98637c9[MainActivity]: ViewPostIme pointer 1
2021-11-10 18:57:00.197 12401-28343/com.logtool.dev W/FirebaseRemoteConfig: No value of type 'FirebaseRemoteConfigValue' exists for parameter key 'fpr_session_max_duration_min'.
2021-11-10 18:57:00.208 12401-12401/com.logtool.dev W/Glide: Load failed for http://images.adrise.tv/llDnUl7k2SwDRngsraPT5P3SE2I=/180x180/smart/img.adrise.tv/fubo_300x300.png with size [115x114]
    class com.bumptech.glide.load.engine.GlideException: Failed to load resource
    There was 1 root cause:
    com.bumptech.glide.load.HttpException(Not Found, status code: 404)
     call GlideException#logRootCauses(String) for more detail
      Cause (1 of 1): class com.bumptech.glide.load.engine.GlideException: Fetching data failed, class java.io.InputStream, REMOTE
    There was 1 root cause:
    com.bumptech.glide.load.HttpException(Not Found, status code: 404)
     call GlideException#logRootCauses(String) for more detail
        Cause (1 of 1): class com.bumptech.glide.load.HttpException: Not Found, status code: 404
2021-11-10 18:57:00.208 12401-12401/com.logtool.dev I/Glide: Root cause (1 of 1)
    com.bumptech.glide.load.HttpException: Not Found, status code: 404
        at com.bumptech.glide.integration.okhttp3.OkHttpStreamFetcher.onResponse(OkHttpStreamFetcher.java:71)
        at com.google.firebase.perf.network.zzh.onResponse(com.google.firebase:firebase-perf@@19.0.7:22)
        at okhttp3.internal.connection.RealCall$AsyncCall.run(RealCall.kt:504)
        at java.util.concurrent.ThreadPoolExecutor.runWorker(ThreadPoolExecutor.java:1167)
        at java.util.concurrent.ThreadPoolExecutor$Worker.run(ThreadPoolExecutor.java:641)
        at java.lang.Thread.run(Thread.java:923)
2021-11-10 18:57:00.429 12401-12401/com.logtool.dev I/ViewRootImpl@98637c9[MainActivity]: ViewPostIme pointer 0
2021-11-10 18:57:00.511 12401-12401/com.logtool.dev I/ViewRootImpl@98637c9[MainActivity]: ViewPostIme pointer 1
2021-11-10 18:57:00.727 12401-28422/com.logtool.dev W/FirebaseRemoteConfig: No value of type 'FirebaseRemoteConfigValue' exists for parameter key 'fpr_session_max_duration_min'.
2021-11-10 18:57:00.729 12401-28483/com.logtool.dev W/FirebaseRemoteConfig: No value of type 'FirebaseRemoteConfigValue' exists for parameter key 'fpr_session_max_duration_min'.
2021-11-10 18:57:00.795 12401-12401/com.logtool.dev I/ViewRootImpl@98637c9[MainActivity]: ViewPostIme pointer 0
2021-11-10 18:57:00.877 12401-12401/com.logtool.dev I/LiveChannelAdapter: onBindViewHolder:7
2021-11-10 18:57:00.885 12401-12401/com.logtool.dev I/LiveChannelAdapter: onBindViewHolder:8
2021-11-10 18:57:00.887 12401-12401/com.logtool.dev I/ViewRootImpl@98637c9[MainActivity]: ViewPostIme pointer 1
2021-11-10 18:57:00.918 12401-12401/com.logtool.dev I/LiveChannelAdapter: onBindViewHolder:9
2021-11-10 18:57:00.920 12401-28294/com.logtool.dev W/FirebaseRemoteConfig: No value of type 'FirebaseRemoteConfigValue' exists for parameter key 'fpr_session_max_duration_min'.
2021-11-10 18:57:00.937 12401-12401/com.logtool.dev I/LiveChannelAdapter: onBindViewHolder:10
2021-11-10 18:57:00.943 12401-12401/com.logtool.dev I/LiveChannelAdapter: onBindViewHolder:11
2021-11-10 18:57:00.959 12401-12401/com.logtool.dev I/LiveChannelProgramAdapter: onBindViewHolder:0 payloads:[]
2021-11-10 18:57:00.959 12401-12401/com.logtool.dev I/LiveChannelProgramAdapter: onBindViewHolder:0
2021-11-10 18:57:00.960 12401-12401/com.logtool.dev I/LiveChannelProgramAdapter: onBindViewHolder:1 payloads:[]
2021-11-10 18:57:00.960 12401-12401/com.logtool.dev I/LiveChannelProgramAdapter: onBindViewHolder:1
2021-11-10 18:57:00.962 12401-12401/com.logtool.dev I/LiveChannelAdapter: onBindViewHolder:12
2021-11-10 18:57:00.976 12401-12401/com.logtool.dev I/LiveChannelAdapter: onBindViewHolder:13
2021-11-10 18:57:00.993 12401-12401/com.logtool.dev I/LiveChannelAdapter: onBindViewHolder:14
2021-11-10 18:57:01.010 12401-12401/com.logtool.dev I/LiveChannelAdapter: onBindViewHolder:15
2021-11-10 18:57:01.026 12401-12401/com.logtool.dev I/LiveChannelProgramAdapter: onBindViewHolder:0 payloads:[]
2021-11-10 18:57:01.026 12401-12401/com.logtool.dev I/LiveChannelProgramAdapter: onBindViewHolder:0
2021-11-10 18:57:01.026 12401-12401/com.logtool.dev I/LiveChannelProgramAdapter: onBindViewHolder:1 payloads:[]
2021-11-10 18:57:01.026 12401-12401/com.logtool.dev I/LiveChannelProgramAdapter: onBindViewHolder:1
2021-11-10 18:57:01.028 12401-12401/com.logtool.dev I/LiveChannelAdapter: onBindViewHolder:16
2021-11-10 18:57:01.042 12401-12401/com.logtool.dev I/LiveChannelProgramAdapter: onBindViewHolder:0 payloads:[]
2021-11-10 18:57:01.042 12401-12401/com.logtool.dev I/LiveChannelProgramAdapter: onBindViewHolder:0
2021-11-10 18:57:01.043 12401-12401/com.logtool.dev I/LiveChannelProgramAdapter: onBindViewHolder:1 payloads:[]
2021-11-10 18:57:01.043 12401-12401/com.logtool.dev I/LiveChannelProgramAdapter: onBindViewHolder:1
2021-11-10 18:57:01.045 12401-12401/com.logtool.dev I/LiveChannelAdapter: onBindViewHolder:17
2021-11-10 18:57:01.050 12401-12401/com.logtool.dev I/LiveChannelProgramAdapter: onBindViewHolder:2 payloads:[]
2021-11-10 18:57:01.050 12401-12401/com.logtool.dev I/LiveChannelProgramAdapter: onBindViewHolder:2
2021-11-10 18:57:01.051 12401-12401/com.logtool.dev I/LiveChannelProgramAdapter: onBindViewHolder:0 payloads:[UPDATE_LIVE_CHANNEL_PROGRESS]
2021-11-10 18:57:01.051 12401-12401/com.logtool.dev I/LiveChannelProgramAdapter: onBindViewHolder:2 payloads:[]
2021-11-10 18:57:01.051 12401-12401/com.logtool.dev I/LiveChannelProgramAdapter: onBindViewHolder:2
2021-11-10 18:57:01.052 12401-12401/com.logtool.dev I/LiveChannelProgramAdapter: onBindViewHolder:0 payloads:[UPDATE_LIVE_CHANNEL_PROGRESS]
2021-11-10 18:57:01.061 12401-12401/com.logtool.dev I/LiveChannelAdapter: onBindViewHolder:18
2021-11-10 18:57:01.076 12401-12401/com.logtool.dev I/LiveChannelProgramAdapter: onBindViewHolder:0 payloads:[]
2021-11-10 18:57:01.076 12401-12401/com.logtool.dev I/LiveChannelProgramAdapter: onBindViewHolder:0
2021-11-10 18:57:01.076 12401-12401/com.logtool.dev I/LiveChannelProgramAdapter: onBindViewHolder:1 payloads:[]
2021-11-10 18:57:01.076 12401-12401/com.logtool.dev I/LiveChannelProgramAdapter: onBindViewHolder:1
2021-11-10 18:57:01.078 12401-12401/com.logtool.dev I/LiveChannelAdapter: onBindViewHolder:19
2021-11-10 18:57:01.093 12401-12401/com.logtool.dev I/LiveChannelAdapter: onBindViewHolder:20
2021-11-10 18:57:01.109 12401-12401/com.logtool.dev I/LiveChannelProgramAdapter: onBindViewHolder:0 payloads:[]
2021-11-10 18:57:01.109 12401-12401/com.logtool.dev I/LiveChannelProgramAdapter: onBindViewHolder:0
2021-11-10 18:57:01.110 12401-12401/com.logtool.dev I/LiveChannelProgramAdapter: onBindViewHolder:1 payloads:[]
2021-11-10 18:57:01.110 12401-12401/com.logtool.dev I/LiveChannelProgramAdapter: onBindViewHolder:1
2021-11-10 18:57:01.111 12401-12401/com.logtool.dev I/LiveChannelAdapter: onBindViewHolder:21
2021-11-10 18:57:01.135 12401-12401/com.logtool.dev I/LiveChannelAdapter: onBindViewHolder:22
2021-11-10 18:57:01.152 12401-12401/com.logtool.dev I/LiveChannelAdapter: onBindViewHolder:23
2021-11-10 18:57:01.153 12401-12401/com.logtool.dev I/ViewRootImpl@98637c9[MainActivity]: ViewPostIme pointer 0
2021-11-10 18:57:01.219 12401-12401/com.logtool.dev I/LiveChannelAdapter: onBindViewHolder:24
2021-11-10 18:57:01.234 12401-12401/com.logtool.dev I/LiveChannelProgramAdapter: onBindViewHolder:0 payloads:[]
2021-11-10 18:57:01.234 12401-12401/com.logtool.dev I/LiveChannelProgramAdapter: onBindViewHolder:0
2021-11-10 18:57:01.237 12401-12401/com.logtool.dev I/LiveChannelAdapter: onBindViewHolder:25
2021-11-10 18:57:01.237 12401-13087/com.logtool.dev I/LiveChannelDataSource: LiveChannelRowListObservables:[555128, 555119, 557345, 555113, 555116, 555123, 555108, 610470, 555114, 555115]
2021-11-10 18:57:01.246 12401-12401/com.logtool.dev I/ViewRootImpl@98637c9[MainActivity]: ViewPostIme pointer 1
2021-11-10 18:57:01.252 12401-12401/com.logtool.dev I/LiveChannelAdapter: onBindViewHolder:26
2021-11-10 18:57:01.271 12401-13097/com.logtool.dev E/DialDeviceFinder: receiveSearchResponse socket:java.net.DatagramSocket@6fccbd4, exception:java.net.SocketTimeoutException: Poll timed out
2021-11-10 18:57:01.277 12401-12401/com.logtool.dev I/LiveChannelAdapter: onBindViewHolder:27
2021-11-10 18:57:01.293 12401-12401/com.logtool.dev I/LiveChannelProgramAdapter: onBindViewHolder:0 payloads:[]
2021-11-10 18:57:01.293 12401-12401/com.logtool.dev I/LiveChannelProgramAdapter: onBindViewHolder:0
2021-11-10 18:57:01.294 12401-12401/com.logtool.dev I/LiveChannelProgramAdapter: onBindViewHolder:1 payloads:[]
2021-11-10 18:57:01.294 12401-12401/com.logtool.dev I/LiveChannelProgramAdapter: onBindViewHolder:1
2021-11-10 18:57:01.297 12401-12401/com.logtool.dev I/LiveChannelAdapter: onBindViewHolder:28
2021-11-10 18:57:01.311 12401-12401/com.logtool.dev I/LiveChannelAdapter: onBindViewHolder:29
2021-11-10 18:57:01.350 12401-28343/com.logtool.dev W/FirebaseRemoteConfig: No value of type 'FirebaseRemoteConfigValue' exists for parameter key 'fpr_session_max_duration_min'.
2021-11-10 18:57:01.355 12401-28413/com.logtool.dev W/FirebaseRemoteConfig: No value of type 'FirebaseRemoteConfigValue' exists for parameter key 'fpr_session_max_duration_min'.
2021-11-10 18:57:01.520 12401-28342/com.logtool.dev W/FirebaseRemoteConfig: No value of type 'FirebaseRemoteConfigValue' exists for parameter key 'fpr_session_max_duration_min'.
2021-11-10 18:57:01.596 12401-28335/com.logtool.dev W/FirebaseRemoteConfig: No value of type 'FirebaseRemoteConfigValue' exists for parameter key 'fpr_session_max_duration_min'.
2021-11-10 18:57:01.598 12401-28333/com.logtool.dev W/FirebaseRemoteConfig: No value of type 'FirebaseRemoteConfigValue' exists for parameter key 'fpr_session_max_duration_min'.
2021-11-10 18:57:01.627 12401-13087/com.logtool.dev W/FirebaseRemoteConfig: No value of type 'FirebaseRemoteConfigValue' exists for parameter key 'fpr_session_max_duration_min'.
2021-11-10 18:57:01.637 12401-28344/com.logtool.dev W/FirebaseRemoteConfig: No value of type 'FirebaseRemoteConfigValue' exists for parameter key 'fpr_session_max_duration_min'.
2021-11-10 18:57:01.655 12401-12401/com.logtool.dev I/ViewRootImpl@98637c9[MainActivity]: ViewPostIme pointer 0
2021-11-10 18:57:01.764 12401-12401/com.logtool.dev I/ViewRootImpl@98637c9[MainActivity]: ViewPostIme pointer 1
2021-11-10 18:57:01.843 12401-28343/com.logtool.dev W/FirebaseRemoteConfig: No value of type 'FirebaseRemoteConfigValue' exists for parameter key 'fpr_session_max_duration_min'.
2021-11-10 18:57:01.861 12401-12401/com.logtool.dev I/LiveChannelAdapter: onBindViewHolder:22
2021-11-10 18:57:01.862 12401-12401/com.logtool.dev I/LiveChannelAdapter: onBindViewHolder:21
2021-11-10 18:57:01.939 12401-28342/com.logtool.dev W/FirebaseRemoteConfig: No value of type 'FirebaseRemoteConfigValue' exists for parameter key 'fpr_session_max_duration_min'.
2021-11-10 18:57:01.952 12401-28483/com.logtool.dev W/FirebaseRemoteConfig: No value of type 'FirebaseRemoteConfigValue' exists for parameter key 'fpr_session_max_duration_min'.
2021-11-10 18:57:01.953 12401-28422/com.logtool.dev W/FirebaseRemoteConfig: No value of type 'FirebaseRemoteConfigValue' exists for parameter key 'fpr_session_max_duration_min'.
2021-11-10 18:57:01.969 12401-12401/com.logtool.dev I/LiveChannelAdapter: onBindViewHolder:22
2021-11-10 18:57:01.970 12401-12401/com.logtool.dev I/LiveChannelAdapter: onBindViewHolder:21
2021-11-10 18:57:02.007 12401-12401/com.logtool.dev I/ViewRootImpl@98637c9[MainActivity]: ViewPostIme pointer 0
2021-11-10 18:57:02.036 12401-12401/com.logtool.dev I/LiveChannelAdapter: onBindViewHolder:29
2021-11-10 18:57:02.037 12401-12401/com.logtool.dev I/LiveChannelAdapter: onBindViewHolder:30
2021-11-10 18:57:02.038 12401-12401/com.logtool.dev I/LiveChannelProgramAdapter: onBindViewHolder:0 payloads:[]
2021-11-10 18:57:02.038 12401-12401/com.logtool.dev I/LiveChannelProgramAdapter: onBindViewHolder:0
2021-11-10 18:57:02.039 12401-12401/com.logtool.dev I/LiveChannelProgramAdapter: onBindViewHolder:1 payloads:[]
2021-11-10 18:57:02.039 12401-12401/com.logtool.dev I/LiveChannelProgramAdapter: onBindViewHolder:1
2021-11-10 18:57:02.052 12401-12401/com.logtool.dev I/LiveChannelProgramAdapter: onBindViewHolder:2 payloads:[]
2021-11-10 18:57:02.052 12401-12401/com.logtool.dev I/LiveChannelProgramAdapter: onBindViewHolder:2
2021-11-10 18:57:02.053 12401-12401/com.logtool.dev I/LiveChannelProgramAdapter: onBindViewHolder:0 payloads:[UPDATE_LIVE_CHANNEL_PROGRESS]
2021-11-10 18:57:02.054 12401-12401/com.logtool.dev I/LiveChannelProgramAdapter: onBindViewHolder:2 payloads:[]
2021-11-10 18:57:02.054 12401-12401/com.logtool.dev I/LiveChannelProgramAdapter: onBindViewHolder:2
2021-11-10 18:57:02.054 12401-12401/com.logtool.dev I/LiveChannelProgramAdapter: onBindViewHolder:0 payloads:[UPDATE_LIVE_CHANNEL_PROGRESS]
2021-11-10 18:57:02.072 12401-12401/com.logtool.dev I/LiveChannelProgramAdapter: onBindViewHolder:1 payloads:[]
2021-11-10 18:57:02.072 12401-12401/com.logtool.dev I/LiveChannelProgramAdapter: onBindViewHolder:1
2021-11-10 18:57:02.103 12401-12401/com.logtool.dev I/LiveChannelAdapter: onBindViewHolder:22
2021-11-10 18:57:02.113 12401-12401/com.logtool.dev I/ViewRootImpl@98637c9[MainActivity]: ViewPostIme pointer 1
